Archive member included to satisfy reference by file (symbol)

d:/arquivos de programas/atmel/studio/7.0/toolchain/arm/arm-gnu-toolchain/bin/../lib/gcc/arm-none-eabi/6.3.1/thumb/v7e-m\libgcc.a(_arm_addsubdf3.o)
                              src/main.o (__aeabi_f2d)
d:/arquivos de programas/atmel/studio/7.0/toolchain/arm/arm-gnu-toolchain/bin/../lib/gcc/arm-none-eabi/6.3.1/thumb/v7e-m\libgcc.a(_arm_muldivdf3.o)
                              src/main.o (__aeabi_dmul)
d:/arquivos de programas/atmel/studio/7.0/toolchain/arm/arm-gnu-toolchain/bin/../lib/gcc/arm-none-eabi/6.3.1/thumb/v7e-m\libgcc.a(_arm_truncdfsf2.o)
                              src/main.o (__aeabi_d2f)
d:/arquivos de programas/atmel/studio/7.0/toolchain/arm/arm-gnu-toolchain/bin/../lib/gcc/arm-none-eabi/6.3.1/../../../../arm-none-eabi/lib/thumb/v7e-m\libc.a(lib_a-exit.o)
                              d:/arquivos de programas/atmel/studio/7.0/toolchain/arm/arm-gnu-toolchain/bin/../lib/gcc/arm-none-eabi/6.3.1/../../../../arm-none-eabi/lib/thumb/v7e-m/crt0.o (exit)
d:/arquivos de programas/atmel/studio/7.0/toolchain/arm/arm-gnu-toolchain/bin/../lib/gcc/arm-none-eabi/6.3.1/../../../../arm-none-eabi/lib/thumb/v7e-m\libc.a(lib_a-impure.o)
                              d:/arquivos de programas/atmel/studio/7.0/toolchain/arm/arm-gnu-toolchain/bin/../lib/gcc/arm-none-eabi/6.3.1/../../../../arm-none-eabi/lib/thumb/v7e-m\libc.a(lib_a-exit.o) (_global_impure_ptr)
d:/arquivos de programas/atmel/studio/7.0/toolchain/arm/arm-gnu-toolchain/bin/../lib/gcc/arm-none-eabi/6.3.1/../../../../arm-none-eabi/lib/thumb/v7e-m\libc.a(lib_a-init.o)
                              d:/arquivos de programas/atmel/studio/7.0/toolchain/arm/arm-gnu-toolchain/bin/../lib/gcc/arm-none-eabi/6.3.1/../../../../arm-none-eabi/lib/thumb/v7e-m/crt0.o (__libc_init_array)
d:/arquivos de programas/atmel/studio/7.0/toolchain/arm/arm-gnu-toolchain/bin/../lib/gcc/arm-none-eabi/6.3.1/../../../../arm-none-eabi/lib/thumb/v7e-m\libc.a(lib_a-memset.o)
                              d:/arquivos de programas/atmel/studio/7.0/toolchain/arm/arm-gnu-toolchain/bin/../lib/gcc/arm-none-eabi/6.3.1/../../../../arm-none-eabi/lib/thumb/v7e-m/crt0.o (memset)
d:/arquivos de programas/atmel/studio/7.0/toolchain/arm/arm-gnu-toolchain/bin/../lib/gcc/arm-none-eabi/6.3.1/../../../../arm-none-eabi/lib/thumb/v7e-m\libc.a(lib_a-sprintf.o)
                              src/main.o (sprintf)
d:/arquivos de programas/atmel/studio/7.0/toolchain/arm/arm-gnu-toolchain/bin/../lib/gcc/arm-none-eabi/6.3.1/../../../../arm-none-eabi/lib/thumb/v7e-m\libc.a(lib_a-svfprintf.o)
                              d:/arquivos de programas/atmel/studio/7.0/toolchain/arm/arm-gnu-toolchain/bin/../lib/gcc/arm-none-eabi/6.3.1/../../../../arm-none-eabi/lib/thumb/v7e-m\libc.a(lib_a-sprintf.o) (_svfprintf_r)
d:/arquivos de programas/atmel/studio/7.0/toolchain/arm/arm-gnu-toolchain/bin/../lib/gcc/arm-none-eabi/6.3.1/../../../../arm-none-eabi/lib/thumb/v7e-m\libc.a(lib_a-__call_atexit.o)
                              d:/arquivos de programas/atmel/studio/7.0/toolchain/arm/arm-gnu-toolchain/bin/../lib/gcc/arm-none-eabi/6.3.1/../../../../arm-none-eabi/lib/thumb/v7e-m\libc.a(lib_a-exit.o) (__call_exitprocs)
d:/arquivos de programas/atmel/studio/7.0/toolchain/arm/arm-gnu-toolchain/bin/../lib/gcc/arm-none-eabi/6.3.1/../../../../arm-none-eabi/lib/thumb/v7e-m\libc.a(lib_a-atexit.o)
                              d:/arquivos de programas/atmel/studio/7.0/toolchain/arm/arm-gnu-toolchain/bin/../lib/gcc/arm-none-eabi/6.3.1/../../../../arm-none-eabi/lib/thumb/v7e-m\libc.a(lib_a-__call_atexit.o) (atexit)
d:/arquivos de programas/atmel/studio/7.0/toolchain/arm/arm-gnu-toolchain/bin/../lib/gcc/arm-none-eabi/6.3.1/../../../../arm-none-eabi/lib/thumb/v7e-m\libc.a(lib_a-dtoa.o)
                              d:/arquivos de programas/atmel/studio/7.0/toolchain/arm/arm-gnu-toolchain/bin/../lib/gcc/arm-none-eabi/6.3.1/../../../../arm-none-eabi/lib/thumb/v7e-m\libc.a(lib_a-svfprintf.o) (_dtoa_r)
d:/arquivos de programas/atmel/studio/7.0/toolchain/arm/arm-gnu-toolchain/bin/../lib/gcc/arm-none-eabi/6.3.1/../../../../arm-none-eabi/lib/thumb/v7e-m\libc.a(lib_a-fini.o)
                              d:/arquivos de programas/atmel/studio/7.0/toolchain/arm/arm-gnu-toolchain/bin/../lib/gcc/arm-none-eabi/6.3.1/../../../../arm-none-eabi/lib/thumb/v7e-m\libc.a(lib_a-__call_atexit.o) (__libc_fini_array)
d:/arquivos de programas/atmel/studio/7.0/toolchain/arm/arm-gnu-toolchain/bin/../lib/gcc/arm-none-eabi/6.3.1/../../../../arm-none-eabi/lib/thumb/v7e-m\libc.a(lib_a-localeconv.o)
                              d:/arquivos de programas/atmel/studio/7.0/toolchain/arm/arm-gnu-toolchain/bin/../lib/gcc/arm-none-eabi/6.3.1/../../../../arm-none-eabi/lib/thumb/v7e-m\libc.a(lib_a-svfprintf.o) (_localeconv_r)
d:/arquivos de programas/atmel/studio/7.0/toolchain/arm/arm-gnu-toolchain/bin/../lib/gcc/arm-none-eabi/6.3.1/../../../../arm-none-eabi/lib/thumb/v7e-m\libc.a(lib_a-lock.o)
[...]
Memory Configuration

Name             Origin             Length             Attributes
rom              0x00400000         0x00200000         xr
ram              0x20400000         0x00060000         xrw
*default*        0x00000000         0xffffffff

Linker script and memory map

LOAD d:/arquivos de programas/atmel/studio/7.0/toolchain/arm/arm-gnu-toolchain/bin/../lib/gcc/arm-none-eabi/6.3.1/thumb/v7e-m/crti.o
LOAD d:/arquivos de programas/atmel/studio/7.0/toolchain/arm/arm-gnu-toolchain/bin/../lib/gcc/arm-none-eabi/6.3.1/thumb/v7e-m/crtbegin.o
LOAD d:/arquivos de programas/atmel/studio/7.0/toolchain/arm/arm-gnu-toolchain/bin/../lib/gcc/arm-none-eabi/6.3.1/../../../../arm-none-eabi/lib/thumb/v7e-m/crt0.o
LOAD src/ASF/sam/drivers/rtt/rtt.o
LOAD src/main.o
LOAD src/ASF/common/services/delay/sam/cycle_counter.o
LOAD src/ASF/common/services/spi/sam_spi/spi_master.o
LOAD src/ASF/sam/components/display/ili9488/ili9488.o
LOAD src/ASF/sam/drivers/spi/spi.o
LOAD src/ASF/common/services/clock/same70/sysclk.o
LOAD src/ASF/common/utils/interrupt/interrupt_sam_nvic.o
LOAD src/ASF/sam/boards/same70_xplained/init.o
LOAD src/ASF/sam/drivers/mpu/mpu.o
LOAD src/ASF/sam/drivers/pio/pio.o
LOAD src/ASF/sam/drivers/pio/pio_handler.o
LOAD src/ASF/sam/drivers/pmc/pmc.o
LOAD src/ASF/sam/drivers/pmc/sleep.o
LOAD src/ASF/sam/utils/cmsis/same70/source/templates/gcc/startup_same70.o
LOAD src/ASF/sam/utils/cmsis/same70/source/templates/system_same70.o
LOAD src/ASF/sam/utils/syscalls/gcc/syscalls.o
START GROUP
LOAD ../src/ASF/thirdparty/CMSIS/Lib/GCC\libarm_cortexM7lfsp_math_softfp.a
LOAD d:/arquivos de programas/atmel/studio/7.0/toolchain/arm/arm-gnu-toolchain/bin/../lib/gcc/arm-none-eabi/6.3.1/../../../../arm-none-eabi/lib/thumb/v7e-m\libm.a
END GROUP
START GROUP
LOAD d:/arquivos de programas/atmel/studio/7.0/toolchain/arm/arm-gnu-toolchain/bin/../lib/gcc/arm-none-eabi/6.3.1/thumb/v7e-m\libgcc.a
LOAD d:/arquivos de programas/atmel/studio/7.0/toolchain/arm/arm-gnu-toolchain/bin/../lib/gcc/arm-none-eabi/6.3.1/../../../../arm-none-eabi/lib/thumb/v7e-m\libc.a
END GROUP
LOAD d:/arquivos de programas/atmel/studio/7.0/toolchain/arm/arm-gnu-toolchain/bin/../lib/gcc/arm-none-eabi/6.3.1/thumb/v7e-m/crtend.o
LOAD d:/arquivos de programas/atmel/studio/7.0/toolchain/arm/arm-gnu-toolchain/bin/../lib/gcc/arm-none-eabi/6.3.1/thumb/v7e-m/crtn.o
                0x00002000                STACK_SIZE = DEFINED (STACK_SIZE)?STACK_SIZE:0x2000
                0x2045fffc                __ram_end__ = ((ORIGIN (ram) + LENGTH (ram)) - 0x4)
                0x00000200                HEAP_SIZE = DEFINED (HEAP_SIZE)?HEAP_SIZE:0x200

.text           0x00400000    0x34794
                0x00400000                . = ALIGN (0x4)
                0x00400000                _sfixed = .
 *(.vectors .vectors.*)
 .vectors       0x00400000      0x168 src/ASF/sam/utils/cmsis/same70/source/templates/gcc/startup_same70.o
                0x00400000                exception_table
 *(.text .text.* .gnu.linkonce.t.*)
 .text          0x00400168       0x6c d:/arquivos de programas/atmel/studio/7.0/toolchain/arm/arm-gnu-toolchain/bin/../lib/gcc/arm-none-eabi/6.3.1/thumb/v7e-m/crtbegin.o
 .text.rtt_init
                0x004001d4       0x30 src/ASF/sam/drivers/rtt/rtt.o
                0x004001d4                rtt_init
 .text.rtt_sel_source
                0x00400204       0x58 src/ASF/sam/drivers/rtt/rtt.o
                0x00400204                rtt_sel_source
 .text.rtt_enable_interrupt
                0x0040025c       0x38 src/ASF/sam/drivers/rtt/rtt.o
                0x0040025c                rtt_enable_interrupt
 .text.rtt_disable_interrupt
                0x00400294       0x40 src/ASF/sam/drivers/rtt/rtt.o
                0x00400294                rtt_disable_interrupt
 .text.rtt_read_timer_value
                0x004002d4       0x2e src/ASF/sam/drivers/rtt/rtt.o
                0x004002d4                rtt_read_timer_value
 .text.rtt_get_status
                0x00400302       0x18 src/ASF/sam/drivers/rtt/rtt.o
                0x00400302                rtt_get_status
 *fill*         0x0040031a        0x2 
 .text.rtt_write_alarm_time
                0x0040031c       0x5c src/ASF/sam/drivers/rtt/rtt.o
                0x0040031c                rtt_write_alarm_time
 .text.NVIC_EnableIRQ
                0x00400378       0x34 src/main.o
 .text.NVIC_DisableIRQ
                0x004003ac       0x34 src/main.o
 .text.NVIC_ClearPendingIRQ
                0x004003e0       0x34 src/main.o
 .text.NVIC_SetPriority
                0x00400414       0x54 src/main.o
 .text.RTT_Handler
                0x00400468       0x44 src/main.o
                0x00400468                RTT_Handler
 .text.pin_toggle
                0x004004ac       0x40 src/main.o
                0x004004ac                pin_toggle
 .text.io_init  0x004004ec       0x54 src/main.o
                0x004004ec                io_init
 .text.RTT_init
                0x00400540       0x98 src/main.o
 .text.configure_lcd
                0x004005d8       0x4c src/main.o
                0x004005d8                configure_lcd
 .text.font_draw_text
                0x00400624       0x88 src/main.o
                0x00400624                font_draw_text
 *fill*         0x004006ac        0x4 
 .text.main     0x004006b0      0x218 src/main.o
                0x004006b0                main
 .text.osc_get_rate
                0x004008c8       0x74 src/ASF/common/services/spi/sam_spi/spi_master.o
 .text.sysclk_get_main_hz
                0x0040093c       0x20 src/ASF/common/services/spi/sam_spi/spi_master.o
 .text.sysclk_get_peripheral_hz
                0x0040095c       0x14 src/ASF/common/services/spi/sam_spi/spi_master.o
 .text.spi_reset
                0x00400970       0x1a src/ASF/common/services/spi/sam_spi/spi_master.o
 .text.spi_set_master_mode
                0x0040098a       0x20 src/ASF/common/services/spi/sam_spi/spi_master.o
 .text.spi_set_fixed_peripheral_select
                0x004009aa       0x20 src/ASF/common/services/spi/sam_spi/spi_master.o
 .text.spi_disable_peripheral_select_decode
                0x004009ca       0x20 src/ASF/common/services/spi/sam_spi/spi_master.o
 .text.spi_get_peripheral_select_decode_setting
                0x004009ea       0x26 src/ASF/common/services/spi/sam_spi/spi_master.o
 .text.spi_disable_mode_fault_detect
                0x00400a10       0x20 src/ASF/common/services/spi/sam_spi/spi_master.o
 .text.spi_disable_loopback
                0x00400a30       0x20 src/ASF/common/services/spi/sam_spi/spi_master.o
 .text.spi_put  0x00400a50       0x1e src/ASF/common/services/spi/sam_spi/spi_master.o
 .text.spi_get  0x00400a6e       0x1a src/ASF/common/services/spi/sam_spi/spi_master.o
 .text.spi_is_tx_ready
                0x00400a88       0x26 src/ASF/common/services/spi/sam_spi/spi_master.o
 .text.spi_is_rx_ready
                0x00400aae       0x2c src/ASF/common/services/spi/sam_spi/spi_master.o
 *fill*         0x00400ada        0x2 
 .text.spi_write_single
                0x00400adc       0x24 src/ASF/common/services/spi/sam_spi/spi_master.o
 .text.spi_read_single
                0x00400b00       0x24 src/ASF/common/services/spi/sam_spi/spi_master.o
 .text.spi_master_init
                0x00400b24       0x70 src/ASF/common/services/spi/sam_spi/spi_master.o
                0x00400b24                spi_master_init
 .text.spi_master_setup_device
                0x00400b94       0xb4 src/ASF/common/services/spi/sam_spi/spi_master.o
                0x00400b94                spi_master_setup_device
 .text.spi_select_device
                0x00400c48       0x58 src/ASF/common/services/spi/sam_spi/spi_master.o
                0x00400c48                spi_select_device
 .text.spi_write_packet
                0x00400ca0       0x74 src/ASF/common/services/spi/sam_spi/spi_master.o
                0x00400ca0                spi_write_packet
 .text.spi_read_packet
                0x00400d14       0xac src/ASF/common/services/spi/sam_spi/spi_master.o
                0x00400d14                spi_read_packet
 .text.spi_enable
                0x00400dc0       0x1a src/ASF/sam/components/display/ili9488/ili9488.o
 .text.spi_enable_interrupt
                0x00400dda       0x1c src/ASF/sam/components/display/ili9488/ili9488.o
 *fill*         0x00400df6        0x2 
 .text.ili9488_write_ram_prepare
                0x00400df8       0x40 src/ASF/sam/components/display/ili9488/ili9488.o
 .text.ili9488_write_ram_buffer
                0x00400e38       0x40 src/ASF/sam/components/display/ili9488/ili9488.o
 .text.ili9488_write_register
                0x00400e78       0x78 src/ASF/sam/components/display/ili9488/ili9488.o
 .text.ili9488_read_chipid
                0x00400ef0       0xcc src/ASF/sam/components/display/ili9488/ili9488.o
 .text.ili9488_delay
                0x00400fbc       0x40 src/ASF/sam/components/display/ili9488/ili9488.o
                0x00400fbc                ili9488_delay
 .text.ili9488_check_box_coordinates
                0x00400ffc       0xa2 src/ASF/sam/components/display/ili9488/ili9488.o
 *fill*         0x0040109e        0x2 
 .text.ili9488_set_display_direction
                0x004010a0       0x34 src/ASF/sam/components/display/ili9488/ili9488.o
                0x004010a0                ili9488_set_display_direction
 .text.ili9488_set_window
                0x004010d4       0xc8 src/ASF/sam/components/display/ili9488/ili9488.o
                0x004010d4                ili9488_set_window
 .text.ili9488_init
                0x0040119c      0x15c src/ASF/sam/components/display/ili9488/ili9488.o
                0x0040119c                ili9488_init
 .text.ili9488_display_on
                0x004012f8       0x18 src/ASF/sam/components/display/ili9488/ili9488.o
                0x004012f8                ili9488_display_on
 .text.ili9488_set_foreground_color
                0x00401310       0x54 src/ASF/sam/components/display/ili9488/ili9488.o
                0x00401310                ili9488_set_foreground_color
 .text.ili9488_set_cursor_position
                0x00401364       0x84 src/ASF/sam/components/display/ili9488/ili9488.o
                0x00401364                ili9488_set_cursor_position
 .text.ili9488_draw_filled_rectangle
                0x004013e8       0xdc src/ASF/sam/components/display/ili9488/ili9488.o
                0x004013e8                ili9488_draw_filled_rectangle
 .text.ili9488_draw_pixmap
                0x004014c4       0xb4 src/ASF/sam/components/display/ili9488/ili9488.o
                0x004014c4                ili9488_draw_pixmap
 .text.spi_get_peripheral_select_mode
                0x00401578       0x26 src/ASF/sam/drivers/spi/spi.o
 *fill*         0x0040159e        0x2 
 .text.sysclk_enable_peripheral_clock
                0x004015a0       0x1c src/ASF/sam/drivers/spi/spi.o
 .text.spi_enable_clock
                0x004015bc       0x3c src/ASF/sam/drivers/spi/spi.o
                0x004015bc                spi_enable_clock
 .text.spi_set_peripheral_chip_select_value
                0x004015f8       0x34 src/ASF/sam/drivers/spi/spi.o
                0x004015f8                spi_set_peripheral_chip_select_value
 .text.spi_set_delay_between_chip_select
                0x0040162c       0x30 src/ASF/sam/drivers/spi/spi.o
                0x0040162c                spi_set_delay_between_chip_select
 .text.spi_write
                0x0040165c       0x80 src/ASF/sam/drivers/spi/spi.o
                0x0040165c                spi_write
 .text.spi_set_clock_polarity
                0x004016dc       0x50 src/ASF/sam/drivers/spi/spi.o
                0x004016dc                spi_set_clock_polarity
 .text.spi_set_clock_phase
                0x0040172c       0x50 src/ASF/sam/drivers/spi/spi.o
                0x0040172c                spi_set_clock_phase
 .text.spi_configure_cs_behavior
                0x0040177c       0xa6 src/ASF/sam/drivers/spi/spi.o
                0x0040177c                spi_configure_cs_behavior
 .text.spi_set_bits_per_transfer
                0x00401822       0x4a src/ASF/sam/drivers/spi/spi.o
                0x00401822                spi_set_bits_per_transfer
 .text.spi_calc_baudrate_div
                0x0040186c       0x3c src/ASF/sam/drivers/spi/spi.o
                0x0040186c                spi_calc_baudrate_div
 .text.spi_set_baudrate_div
                0x004018a8       0x5e src/ASF/sam/drivers/spi/spi.o
                0x004018a8                spi_set_baudrate_div
 .text.spi_set_transfer_delay
                0x00401906       0x5e src/ASF/sam/drivers/spi/spi.o
                0x00401906                spi_set_transfer_delay
 .text.osc_enable
                0x00401964       0x88 src/ASF/common/services/clock/same70/sysclk.o
 .text.osc_is_ready
                0x004019ec       0x70 src/ASF/common/services/clock/same70/sysclk.o
 .text.osc_get_rate
                0x00401a5c       0x74 src/ASF/common/services/clock/same70/sysclk.o
 .text.osc_wait_ready
                0x00401ad0       0x2c src/ASF/common/services/clock/same70/sysclk.o
 .text.pll_config_init
                0x00401afc       0x6c src/ASF/common/services/clock/same70/sysclk.o
 .text.pll_enable
                0x00401b68       0x40 src/ASF/common/services/clock/same70/sysclk.o
 .text.pll_is_locked
                0x00401ba8       0x2c src/ASF/common/services/clock/same70/sysclk.o
 .text.pll_enable_source
                0x00401bd4       0x38 src/ASF/common/services/clock/same70/sysclk.o
 .text.pll_wait_for_lock
                0x00401c0c       0x24 src/ASF/common/services/clock/same70/sysclk.o
 .text.sysclk_get_main_hz
                0x00401c30       0x20 src/ASF/common/services/clock/same70/sysclk.o
 .text.sysclk_get_cpu_hz
                0x00401c50       0x14 src/ASF/common/services/clock/same70/sysclk.o
 .text.sysclk_init
                0x00401c64       0x7c src/ASF/common/services/clock/same70/sysclk.o
                0x00401c64                sysclk_init
 .text.SCB_EnableICache
                0x00401ce0       0x38 src/ASF/sam/boards/same70_xplained/init.o
 .text.SCB_EnableDCache
                0x00401d18       0xa4 src/ASF/sam/boards/same70_xplained/init.o
 .text.sysclk_enable_peripheral_clock
                0x00401dbc       0x1c src/ASF/sam/boards/same70_xplained/init.o
 .text.ioport_init
                0x00401dd8       0x2c src/ASF/sam/boards/same70_xplained/init.o
 .text.ioport_disable_pin
                0x00401e04       0x4c src/ASF/sam/boards/same70_xplained/init.o
 .text.ioport_set_pin_mode
                0x00401e50      0x11c src/ASF/sam/boards/same70_xplained/init.o
 .text.ioport_set_pin_dir
                0x00401f6c       0x88 src/ASF/sam/boards/same70_xplained/init.o
 .text.ioport_set_pin_level
                0x00401ff4       0x6c src/ASF/sam/boards/same70_xplained/init.o
 .text.ioport_set_pin_sense_mode
                0x00402060       0xd0 src/ASF/sam/boards/same70_xplained/init.o
 .text.tcm_disable
                0x00402130       0x44 src/ASF/sam/boards/same70_xplained/init.o
 .text.board_init
                0x00402174      0x34c src/ASF/sam/boards/same70_xplained/init.o
                0x00402174                board_init
 .text.pio_pull_up
                0x004024c0       0x2c src/ASF/sam/drivers/pio/pio.o
                0x004024c0                pio_pull_up
 .text.pio_set  0x004024ec       0x1c src/ASF/sam/drivers/pio/pio.o
                0x004024ec                pio_set
 .text.pio_clear
                0x00402508       0x1c src/ASF/sam/drivers/pio/pio.o
                0x00402508                pio_clear
 .text.pio_get  0x00402524       0x46 src/ASF/sam/drivers/pio/pio.o
                0x00402524                pio_get
 .text.pio_set_peripheral
                0x0040256a      0x110 src/ASF/sam/drivers/pio/pio.o
                0x0040256a                pio_set_peripheral
 *fill*         0x0040267a        0x2 
 .text.pio_set_input
                0x0040267c       0x80 src/ASF/sam/drivers/pio/pio.o
                0x0040267c                pio_set_input
 .text.pio_set_output
                0x004026fc       0x64 src/ASF/sam/drivers/pio/pio.o
                0x004026fc                pio_set_output
 .text.pio_configure
                0x00402760       0xcc src/ASF/sam/drivers/pio/pio.o
                0x00402760                pio_configure
 .text.pio_get_output_data_status
                0x0040282c       0x28 src/ASF/sam/drivers/pio/pio.o
                0x0040282c                pio_get_output_data_status
 .text.pio_disable_interrupt
                0x00402854       0x1c src/ASF/sam/drivers/pio/pio.o
                0x00402854                pio_disable_interrupt
 .text.pio_get_interrupt_status
                0x00402870       0x18 src/ASF/sam/drivers/pio/pio.o
                0x00402870                pio_get_interrupt_status
 .text.pio_get_interrupt_mask
                0x00402888       0x18 src/ASF/sam/drivers/pio/pio.o
                0x00402888                pio_get_interrupt_mask
 .text.pio_set_pin_high
                0x004028a0       0x30 src/ASF/sam/drivers/pio/pio.o
                0x004028a0                pio_set_pin_high
 .text.pio_set_pin_low
                0x004028d0       0x30 src/ASF/sam/drivers/pio/pio.o
                0x004028d0                pio_set_pin_low
 .text.pio_configure_pin
                0x00402900      0x1b0 src/ASF/sam/drivers/pio/pio.o
                0x00402900                pio_configure_pin
 .text.pio_get_pin_group
                0x00402ab0       0x28 src/ASF/sam/drivers/pio/pio.o
                0x00402ab0                pio_get_pin_group
 .text.pio_handler_process
                0x00402ad8       0xb4 src/ASF/sam/drivers/pio/pio_handler.o
                0x00402ad8                pio_handler_process
 .text.PIOA_Handler
                0x00402b8c       0x18 src/ASF/sam/drivers/pio/pio_handler.o
                0x00402b8c                PIOA_Handler
 .text.PIOB_Handler
                0x00402ba4       0x18 src/ASF/sam/drivers/pio/pio_handler.o
                0x00402ba4                PIOB_Handler
 .text.PIOC_Handler
                0x00402bbc       0x18 src/ASF/sam/drivers/pio/pio_handler.o
                0x00402bbc                PIOC_Handler
 .text.PIOD_Handler
                0x00402bd4       0x18 src/ASF/sam/drivers/pio/pio_handler.o
                0x00402bd4                PIOD_Handler
 .text.PIOE_Handler
                0x00402bec       0x18 src/ASF/sam/drivers/pio/pio_handler.o
                0x00402bec                PIOE_Handler
 .text.pmc_mck_set_division
                0x00402c04       0x7c src/ASF/sam/drivers/pmc/pmc.o
                0x00402c04                pmc_mck_set_division
 .text.pmc_switch_mck_to_pllack
                0x00402c80       0x84 src/ASF/sam/drivers/pmc/pmc.o
                0x00402c80                pmc_switch_mck_to_pllack
 .text.pmc_switch_sclk_to_32kxtal
                0x00402d04       0x38 src/ASF/sam/drivers/pmc/pmc.o
                0x00402d04                pmc_switch_sclk_to_32kxtal
 .text.pmc_osc_is_ready_32kxtal
                0x00402d3c       0x34 src/ASF/sam/drivers/pmc/pmc.o
                0x00402d3c                pmc_osc_is_ready_32kxtal
 .text.pmc_switch_mainck_to_fastrc
                0x00402d70       0x70 src/ASF/sam/drivers/pmc/pmc.o
                0x00402d70                pmc_switch_mainck_to_fastrc
 .text.pmc_switch_mainck_to_xtal
                0x00402de0       0x78 src/ASF/sam/drivers/pmc/pmc.o
                0x00402de0                pmc_switch_mainck_to_xtal
 .text.pmc_osc_is_ready_mainck
                0x00402e58       0x1c src/ASF/sam/drivers/pmc/pmc.o
                0x00402e58                pmc_osc_is_ready_mainck
 .text.pmc_disable_pllack
                0x00402e74       0x1c src/ASF/sam/drivers/pmc/pmc.o
                0x00402e74                pmc_disable_pllack
 .text.pmc_is_locked_pllack
                0x00402e90       0x1c src/ASF/sam/drivers/pmc/pmc.o
                0x00402e90                pmc_is_locked_pllack
 .text.pmc_is_locked_upll
                0x00402eac       0x1c src/ASF/sam/drivers/pmc/pmc.o
                0x00402eac                pmc_is_locked_upll
 .text.pmc_enable_periph_clk
                0x00402ec8       0x3c src/ASF/sam/drivers/pmc/pmc.o
                0x00402ec8                pmc_enable_periph_clk
 .text.cpu_irq_save
                0x00402f04       0x38 src/ASF/sam/utils/cmsis/same70/source/templates/gcc/startup_same70.o
 .text.cpu_irq_is_enabled_flags
                0x00402f3c       0x20 src/ASF/sam/utils/cmsis/same70/source/templates/gcc/startup_same70.o
 .text.cpu_irq_restore
                0x00402f5c       0x30 src/ASF/sam/utils/cmsis/same70/source/templates/gcc/startup_same70.o
 .text.Reset_Handler
                0x00402f8c       0xb0 src/ASF/sam/utils/cmsis/same70/source/templates/gcc/startup_same70.o
                0x00402f8c                Reset_Handler
 .text.Dummy_Handler
                0x0040303c        0x6 src/ASF/sam/utils/cmsis/same70/source/templates/gcc/startup_same70.o
                0x0040303c                DACC_Handler
                0x0040303c                DebugMon_Handler
                0x0040303c                UART3_Handler
                0x0040303c                UART2_Handler
                0x0040303c                TRNG_Handler
                0x0040303c                HardFault_Handler
                0x0040303c                TC2_Handler
                0x0040303c                SysTick_Handler
                0x0040303c                AFEC1_Handler
                0x0040303c                PendSV_Handler
                0x0040303c                NMI_Handler
                0x0040303c                TC7_Handler
                0x0040303c                QSPI_Handler
                0x0040303c                ISI_Handler
                0x0040303c                MCAN0_INT0_Handler
                0x0040303c                TC9_Handler
                0x0040303c                RSWDT_Handler
                0x0040303c                USART0_Handler
                0x0040303c                USBHS_Handler
                0x0040303c                IXC_Handler
                0x0040303c                CCF_Handler
                0x0040303c                RTC_Handler
                0x0040303c                UsageFault_Handler
                0x0040303c                TC6_Handler
                0x0040303c                WDT_Handler
                0x0040303c                MCAN1_INT1_Handler
                0x0040303c                TC4_Handler
                0x0040303c                TC1_Handler
                0x0040303c                HSMCI_Handler
                0x0040303c                UART1_Handler
                0x0040303c                TC3_Handler
                0x0040303c                Dummy_Handler
                0x0040303c                TWIHS1_Handler
                0x0040303c                XDMAC_Handler
                0x0040303c                UART4_Handler
                0x0040303c                PWM1_Handler
                0x0040303c                USART1_Handler
                0x0040303c                PWM0_Handler
                0x0040303c                AFEC0_Handler
                0x0040303c                CCW_Handler
                0x0040303c                TC11_Handler
                0x0040303c                SSC_Handler
                0x0040303c                ACC_Handler
                0x0040303c                PMC_Handler
                0x0040303c                GMAC_Handler
                0x0040303c                MCAN0_INT1_Handler
                0x0040303c                GMAC_Q5_Handler
                0x0040303c                MemManage_Handler
                0x0040303c                SUPC_Handler
                0x0040303c                SVC_Handler
                0x0040303c                TC8_Handler
                0x0040303c                MCAN1_INT0_Handler
                0x0040303c                EFC_Handler
                0x0040303c                GMAC_Q1_Handler
                0x0040303c                USART2_Handler
                0x0040303c                SDRAMC_Handler
                0x0040303c                GMAC_Q2_Handler
                0x0040303c                SPI1_Handler
                0x0040303c                TC10_Handler
                0x0040303c                GMAC_Q3_Handler
                0x0040303c                TWIHS2_Handler
                0x0040303c                I2SC0_Handler
                0x0040303c                UART0_Handler
                0x0040303c                I2SC1_Handler
                0x0040303c                GMAC_Q4_Handler
                0x0040303c                FPU_Handler
                0x0040303c                BusFault_Handler
                0x0040303c                RSTC_Handler
                0x0040303c                TC0_Handler
                0x0040303c                TC5_Handler
                0x0040303c                AES_Handler
                0x0040303c                ICM_Handler
                0x0040303c                TWIHS0_Handler
                0x0040303c                SPI0_Handler
 *fill*         0x00403042        0x2 
 .text.SystemCoreClockUpdate
                0x00403044      0x168 src/ASF/sam/utils/cmsis/same70/source/templates/system_same70.o
                0x00403044                SystemCoreClockUpdate
 .text.system_init_flash
                0x004031ac       0xb0 src/ASF/sam/utils/cmsis/same70/source/templates/system_same70.o
                0x004031ac                system_init_flash
 .text._sbrk    0x0040325c       0x58 src/ASF/sam/utils/syscalls/gcc/syscalls.o
                0x0040325c                _sbrk
 .text          0x004032b4      0x370 d:/arquivos de programas/atmel/studio/7.0/toolchain/arm/arm-gnu-toolchain/bin/../lib/gcc/arm-none-eabi/6.3.1/thumb/v7e-m\libgcc.a(_arm_addsubdf3.o)
                0x004032b4                __aeabi_drsub
                0x004032bc                __aeabi_dsub
                0x004032bc                __subdf3
                0x004032c0                __aeabi_dadd
                0x004032c0                __adddf3
                0x00403538                __floatunsidf
                0x00403538                __aeabi_ui2d
                0x00403558                __floatsidf
                0x00403558                __aeabi_i2d
                0x0040357c                __aeabi_f2d
                0x0040357c                __extendsfdf2
                0x004035b8                __floatundidf
                0x004035b8                __aeabi_ul2d
                0x004035c8                __floatdidf
                0x004035c8                __aeabi_l2d
 .text          0x00403624      0x424 d:/arquivos de programas/atmel/studio/7.0/toolchain/arm/arm-gnu-toolchain/bin/../lib/gcc/arm-none-eabi/6.3.1/thumb/v7e-m\libgcc.a(_arm_muldivdf3.o)
                0x00403624                __aeabi_dmul
                0x00403624                __muldf3
                0x00403878                __divdf3
                0x00403878                __aeabi_ddiv
 .text          0x00403a48       0xa0 d:/arquivos de programas/atmel/studio/7.0/toolchain/arm/arm-gnu-toolchain/bin/../lib/gcc/arm-none-eabi/6.3.1/thumb/v7e-m\libgcc.a(_arm_truncdfsf2.o)
                0x00403a48                __truncdfsf2
                0x00403a48                __aeabi_d2f
 .text.__libc_init_array
                0x00403ae8       0x50 d:/arquivos de programas/atmel/studio/7.0/toolchain/arm/arm-gnu-toolchain/bin/../lib/gcc/arm-none-eabi/6.3.1/../../../../arm-none-eabi/lib/thumb/v7e-m\libc.a(lib_a-init.o)
                0x00403ae8                __libc_init_array
 .text.memset   0x00403b38       0x9c d:/arquivos de programas/atmel/studio/7.0/toolchain/arm/arm-gnu-toolchain/bin/../lib/gcc/arm-none-eabi/6.3.1/../../../../arm-none-eabi/lib/thumb/v7e-m\libc.a(lib_a-memset.o)
                0x00403b38                memset
 .text.sprintf  0x00403bd4       0x4c d:/arquivos de programas/atmel/studio/7.0/toolchain/arm/arm-gnu-toolchain/bin/../lib/gcc/arm-none-eabi/6.3.1/../../../../arm-none-eabi/lib/thumb/v7e-m\libc.a(lib_a-sprintf.o)
                0x00403bd4                sprintf
 .text._svfprintf_r
                0x00403c20     0x145c d:/arquivos de programas/atmel/studio/7.0/toolchain/arm/arm-gnu-toolchain/bin/../lib/gcc/arm-none-eabi/6.3.1/../../../../arm-none-eabi/lib/thumb/v7e-m\libc.a(lib_a-svfprintf.o)
                0x00403c20                _svfprintf_r
 .text.startup.register_fini
                0x0040507c       0x14 d:/arquivos de programas/atmel/studio/7.0/toolchain/arm/arm-gnu-toolchain/bin/../lib/gcc/arm-none-eabi/6.3.1/../../../../arm-none-eabi/lib/thumb/v7e-m\libc.a(lib_a-__call_atexit.o)
 .text.atexit   0x00405090        0xc d:/arquivos de programas/atmel/studio/7.0/toolchain/arm/arm-gnu-toolchain/bin/../lib/gcc/arm-none-eabi/6.3.1/../../../../arm-none-eabi/lib/thumb/v7e-m\libc.a(lib_a-atexit.o)
                0x00405090                atexit
 .text.quorem   0x0040509c      0x128 d:/arquivos de programas/atmel/studio/7.0/toolchain/arm/arm-gnu-toolchain/bin/../lib/gcc/arm-none-eabi/6.3.1/../../../../arm-none-eabi/lib/thumb/v7e-m\libc.a(lib_a-dtoa.o)
 *fill*         0x004051c4        0x4 
 .text._dtoa_r  0x004051c8      0xe54 d:/arquivos de programas/atmel/studio/7.0/toolchain/arm/arm-gnu-toolchain/bin/../lib/gcc/arm-none-eabi/6.3.1/../../../../arm-none-eabi/lib/thumb/v7e-m\libc.a(lib_a-dtoa.o)
                0x004051c8                _dtoa_r
 .text.__libc_fini_array
                0x0040601c       0x34 d:/arquivos de programas/atmel/studio/7.0/toolchain/arm/arm-gnu-toolchain/bin/../lib/gcc/arm-none-eabi/6.3.1/../../../../arm-none-eabi/lib/thumb/v7e-m\libc.a(lib_a-fini.o)
                0x0040601c                __libc_fini_array
 .text._localeconv_r
                0x00406050       0x1c d:/arquivos de programas/atmel/studio/7.0/toolchain/arm/arm-gnu-toolchain/bin/../lib/gcc/arm-none-eabi/6.3.1/../../../../arm-none-eabi/lib/thumb/v7e-m\libc.a(lib_a-localeconv.o)
                0x00406050                _localeconv_r
 .text.__retarget_lock_acquire_recursive
                0x0040606c        0x4 d:/arquivos de programas/atmel/studio/7.0/toolchain/arm/arm-gnu-toolchain/bin/../lib/gcc/arm-none-eabi/6.3.1/../../../../arm-none-eabi/lib/thumb/v7e-m\libc.a(lib_a-lock.o)
                0x0040606c                __retarget_lock_acquire_recursive
 .text.__retarget_lock_release_recursive
                0x00406070        0x4 d:/arquivos de programas/atmel/studio/7.0/toolchain/arm/arm-gnu-toolchain/bin/../lib/gcc/arm-none-eabi/6.3.1/../../../../arm-none-eabi/lib/thumb/v7e-m\libc.a(lib_a-lock.o)
                0x00406070                __retarget_lock_release_recursive
 .text._malloc_r
                0x00406074      0x560 d:/arquivos de programas/atmel/studio/7.0/toolchain/arm/arm-gnu-toolchain/bin/../lib/gcc/arm-none-eabi/6.3.1/../../../../arm-none-eabi/lib/thumb/v7e-m\libc.a(lib_a-mallocr.o)
                0x00406074                _malloc_r
 *fill*         0x004065d4        0xc 
 .text          0x004065e0       0xa0 d:/arquivos de programas/atmel/studio/7.0/toolchain/arm/arm-gnu-toolchain/bin/../lib/gcc/arm-none-eabi/6.3.1/../../../../arm-none-eabi/lib/thumb/v7e-m\libc.a(lib_a-memchr.o)
                0x004065e0                memchr
 .text          0x00406680      0x134 d:/arquivos de programas/atmel/studio/7.0/toolchain/arm/arm-gnu-toolchain/bin/../lib/gcc/arm-none-eabi/6.3.1/../../../../arm-none-eabi/lib/thumb/v7e-m\libc.a(lib_a-memcpy.o)
                0x00406680                memcpy
 .text.__malloc_lock
                0x004067b4        0xc d:/arquivos de programas/atmel/studio/7.0/toolchain/arm/arm-gnu-toolchain/bin/../lib/gcc/arm-none-eabi/6.3.1/../../../../arm-none-eabi/lib/thumb/v7e-m\libc.a(lib_a-mlock.o)
                0x004067b4                __malloc_lock
 .text.__malloc_unlock
                0x004067c0        0xc d:/arquivos de programas/atmel/studio/7.0/toolchain/arm/arm-gnu-toolchain/bin/../lib/gcc/arm-none-eabi/6.3.1/../../../../arm-none-eabi/lib/thumb/v7e-m\libc.a(lib_a-mlock.o)
                0x004067c0                __malloc_unlock
 .text._Balloc  0x004067cc       0x4c d:/arquivos de programas/atmel/studio/7.0/toolchain/arm/arm-gnu-toolchain/bin/../lib/gcc/arm-none-eabi/6.3.1/../../../../arm-none-eabi/lib/thumb/v7e-m\libc.a(lib_a-mprec.o)
                0x004067cc                _Balloc
 .text._Bfree   0x00406818       0x14 d:/arquivos de programas/atmel/studio/7.0/toolchain/arm/arm-gnu-toolchain/bin/../lib/gcc/arm-none-eabi/6.3.1/../../../../arm-none-eabi/lib/thumb/v7e-m\libc.a(lib_a-mprec.o)
                0x00406818                _Bfree
 .text.__multadd
                0x0040682c       0x80 d:/arquivos de programas/atmel/studio/7.0/toolchain/arm/arm-gnu-toolchain/bin/../lib/gcc/arm-none-eabi/6.3.1/../../../../arm-none-eabi/lib/thumb/v7e-m\libc.a(lib_a-mprec.o)
                0x0040682c                __multadd
 .text.__hi0bits
                0x004068ac       0x40 d:/arquivos de programas/atmel/studio/7.0/toolchain/arm/arm-gnu-toolchain/bin/../lib/gcc/arm-none-eabi/6.3.1/../../../../arm-none-eabi/lib/thumb/v7e-m\libc.a(lib_a-mprec.o)
                0x004068ac                __hi0bits
 .text.__lo0bits
                0x004068ec       0x60 d:/arquivos de programas/atmel/studio/7.0/toolchain/arm/arm-gnu-toolchain/bin/../lib/gcc/arm-none-eabi/6.3.1/../../../../arm-none-eabi/lib/thumb/v7e-m\libc.a(lib_a-mprec.o)
                0x004068ec                __lo0bits
 .text.__i2b    0x0040694c       0x14 d:/arquivos de programas/atmel/studio/7.0/toolchain/arm/arm-gnu-toolchain/bin/../lib/gcc/arm-none-eabi/6.3.1/../../../../arm-none-eabi/lib/thumb/v7e-m\libc.a(lib_a-mprec.o)
                0x0040694c                __i2b
 .text.__multiply
                0x00406960      0x124 d:/arquivos de programas/atmel/studio/7.0/toolchain/arm/arm-gnu-toolchain/bin/../lib/gcc/arm-none-eabi/6.3.1/../../../../arm-none-eabi/lib/thumb/v7e-m\libc.a(lib_a-mprec.o)
                0x00406960                __multiply
 .text.__pow5mult
                0x00406a84       0xa0 d:/arquivos de programas/atmel/studio/7.0/toolchain/arm/arm-gnu-toolchain/bin/../lib/gcc/arm-none-eabi/6.3.1/../../../../arm-none-eabi/lib/thumb/v7e-m\libc.a(lib_a-mprec.o)
                0x00406a84                __pow5mult
 .text.__lshift
                0x00406b24       0xa4 d:/arquivos de programas/atmel/studio/7.0/toolchain/arm/arm-gnu-toolchain/bin/../lib/gcc/arm-none-eabi/6.3.1/../../../../arm-none-eabi/lib/thumb/v7e-m\libc.a(lib_a-mprec.o)
                0x00406b24                __lshift
 .text.__mcmp   0x00406bc8       0x38 d:/arquivos de programas/atmel/studio/7.0/toolchain/arm/arm-gnu-toolchain/bin/../lib/gcc/arm-none-eabi/6.3.1/../../../../arm-none-eabi/lib/thumb/v7e-m\libc.a(lib_a-mprec.o)
                0x00406bc8                __mcmp
 .text.__mdiff  0x00406c00      0x108 d:/arquivos de programas/atmel/studio/7.0/toolchain/arm/arm-gnu-toolchain/bin/../lib/gcc/arm-none-eabi/6.3.1/../../../../arm-none-eabi/lib/thumb/v7e-m\libc.a(lib_a-mprec.o)
                0x00406c00                __mdiff
 .text.__d2b    0x00406d08       0xb8 d:/arquivos de programas/atmel/studio/7.0/toolchain/arm/arm-gnu-toolchain/bin/../lib/gcc/arm-none-eabi/6.3.1/../../../../arm-none-eabi/lib/thumb/v7e-m\libc.a(lib_a-mprec.o)
                0x00406d08                __d2b
 .text._sbrk_r  0x00406dc0       0x24 d:/arquivos de programas/atmel/studio/7.0/toolchain/arm/arm-gnu-toolchain/bin/../lib/gcc/arm-none-eabi/6.3.1/../../../../arm-none-eabi/lib/thumb/v7e-m\libc.a(lib_a-sbrkr.o)
                0x00406dc0                _sbrk_r
 *fill*         0x00406de4       0x1c 
 .text          0x00406e00       0xdc d:/arquivos de programas/atmel/studio/7.0/toolchain/arm/arm-gnu-toolchain/bin/../lib/gcc/arm-none-eabi/6.3.1/../../../../arm-none-eabi/lib/thumb/v7e-m\libc.a(lib_a-strlen.o)
                0x00406e00                strlen
 .text.__ssprint_r
                0x00406edc       0xfc d:/arquivos de programas/atmel/studio/7.0/toolchain/arm/arm-gnu-toolchain/bin/../lib/gcc/arm-none-eabi/6.3.1/../../../../arm-none-eabi/lib/thumb/v7e-m\libc.a(lib_a-svfiprintf.o)
                0x00406edc                __ssprint_r
 .text.__register_exitproc
                0x00406fd8       0xc4 d:/arquivos de programas/atmel/studio/7.0/toolchain/arm/arm-gnu-toolchain/bin/../lib/gcc/arm-none-eabi/6.3.1/../../../../arm-none-eabi/lib/thumb/v7e-m\libc.a(lib_a-__atexit.o)
                0x00406fd8                __register_exitproc
 .text._calloc_r
                0x0040709c       0x60 d:/arquivos de programas/atmel/studio/7.0/toolchain/arm/arm-gnu-toolchain/bin/../lib/gcc/arm-none-eabi/6.3.1/../../../../arm-none-eabi/lib/thumb/v7e-m\libc.a(lib_a-callocr.o)
                0x0040709c                _calloc_r
 .text._malloc_trim_r
                0x004070fc       0xa0 d:/arquivos de programas/atmel/studio/7.0/toolchain/arm/arm-gnu-toolchain/bin/../lib/gcc/arm-none-eabi/6.3.1/../../../../arm-none-eabi/lib/thumb/v7e-m\libc.a(lib_a-freer.o)
                0x004070fc                _malloc_trim_r
 .text._free_r  0x0040719c      0x1cc d:/arquivos de programas/atmel/studio/7.0/toolchain/arm/arm-gnu-toolchain/bin/../lib/gcc/arm-none-eabi/6.3.1/../../../../arm-none-eabi/lib/thumb/v7e-m\libc.a(lib_a-freer.o)
                0x0040719c                _free_r
 .text.__ascii_mbtowc
                0x00407368       0x2c d:/arquivos de programas/atmel/studio/7.0/toolchain/arm/arm-gnu-toolchain/bin/../lib/gcc/arm-none-eabi/6.3.1/../../../../arm-none-eabi/lib/thumb/v7e-m\libc.a(lib_a-mbtowc_r.o)
                0x00407368                __ascii_mbtowc
 .text.memmove  0x00407394       0xc8 d:/arquivos de programas/atmel/studio/7.0/toolchain/arm/arm-gnu-toolchain/bin/../lib/gcc/arm-none-eabi/6.3.1/../../../../arm-none-eabi/lib/thumb/v7e-m\libc.a(lib_a-memmove.o)
                0x00407394                memmove
 .text._realloc_r
                0x0040745c      0x34c d:/arquivos de programas/atmel/studio/7.0/toolchain/arm/arm-gnu-toolchain/bin/../lib/gcc/arm-none-eabi/6.3.1/../../../../arm-none-eabi/lib/thumb/v7e-m\libc.a(lib_a-reallocr.o)
                0x0040745c                _realloc_r
 .text.__ascii_wctomb
                0x004077a8       0x1c d:/arquivos de programas/atmel/studio/7.0/toolchain/arm/arm-gnu-toolchain/bin/../lib/gcc/arm-none-eabi/6.3.1/../../../../arm-none-eabi/lib/thumb/v7e-m\libc.a(lib_a-wctomb_r.o)
                0x004077a8                __ascii_wctomb
 .text          0x004077c4      0x110 d:/arquivos de programas/atmel/studio/7.0/toolchain/arm/arm-gnu-toolchain/bin/../lib/gcc/arm-none-eabi/6.3.1/thumb/v7e-m\libgcc.a(_arm_cmpdf2.o)
                0x004077c4                __gtdf2
                0x004077c4                __gedf2
                0x004077cc                __ltdf2
                0x004077cc                __ledf2
                0x004077d4                __nedf2
                0x004077d4                __eqdf2
                0x004077d4                __cmpdf2
                0x00407850                __aeabi_cdrcmple
                0x00407860                __aeabi_cdcmpeq
                0x00407860                __aeabi_cdcmple
                0x00407870                __aeabi_dcmpeq
                0x00407884                __aeabi_dcmplt
                0x00407898                __aeabi_dcmple
                0x004078ac                __aeabi_dcmpge
                0x004078c0                __aeabi_dcmpgt
 .text          0x004078d4       0x2c d:/arquivos de programas/atmel/studio/7.0/toolchain/arm/arm-gnu-toolchain/bin/../lib/gcc/arm-none-eabi/6.3.1/thumb/v7e-m\libgcc.a(_arm_unorddf2.o)
                0x004078d4                __unorddf2
                0x004078d4                __aeabi_dcmpun
 .text          0x00407900       0x50 d:/arquivos de programas/atmel/studio/7.0/toolchain/arm/arm-gnu-toolchain/bin/../lib/gcc/arm-none-eabi/6.3.1/thumb/v7e-m\libgcc.a(_arm_fixdfsi.o)
                0x00407900                __aeabi_d2iz
                0x00407900                __fixdfsi
 .text          0x00407950       0x30 d:/arquivos de programas/atmel/studio/7.0/toolchain/arm/arm-gnu-toolchain/bin/../lib/gcc/arm-none-eabi/6.3.1/thumb/v7e-m\libgcc.a(_aeabi_uldivmod.o)
                0x00407950                __aeabi_uldivmod
 .text          0x00407980      0x2dc d:/arquivos de programas/atmel/studio/7.0/toolchain/arm/arm-gnu-toolchain/bin/../lib/gcc/arm-none-eabi/6.3.1/thumb/v7e-m\libgcc.a(_udivmoddi4.o)
                0x00407980                __udivmoddi4
 .text          0x00407c5c        0x4 d:/arquivos de programas/atmel/studio/7.0/toolchain/arm/arm-gnu-toolchain/bin/../lib/gcc/arm-none-eabi/6.3.1/thumb/v7e-m\libgcc.a(_dvmd_tls.o)
                0x00407c5c                __aeabi_idiv0
                0x00407c5c                __aeabi_ldiv0
 *(.glue_7t)
 .glue_7t       0x00407c60        0x0 linker stubs
 *(.glue_7)
 .glue_7        0x00407c60        0x0 linker stubs
 *(.rodata .rodata* .gnu.linkonce.r.*)
 .rodata.image_data_calibri_36_0x20
                0x00407c60      0x378 src/main.o
 .rodata.calibri_36_0x20
                0x00407fd8       0x10 src/main.o
 .rodata.image_data_calibri_36_0x21
                0x00407fe8      0x534 src/main.o
 .rodata.calibri_36_0x21
                0x0040851c       0x10 src/main.o
 .rodata.image_data_calibri_36_0x22
                0x0040852c      0x612 src/main.o
 *fill*         0x00408b3e        0x2 
 .rodata.calibri_36_0x22
                0x00408b40       0x10 src/main.o
 .rodata.image_data_calibri_36_0x23
                0x00408b50      0x7ce src/main.o
 *fill*         0x0040931e        0x2 
 .rodata.calibri_36_0x23
                0x00409320       0x10 src/main.o
 .rodata.image_data_calibri_36_0x24
                0x00409330      0x7ce src/main.o
 *fill*         0x00409afe        0x2 
 .rodata.calibri_36_0x24
                0x00409b00       0x10 src/main.o
 .rodata.image_data_calibri_36_0x25
                0x00409b10      0xb46 src/main.o
 *fill*         0x0040a656        0x2 
 .rodata.calibri_36_0x25
                0x0040a658       0x10 src/main.o
 .rodata.image_data_calibri_36_0x26
                0x0040a668      0xad7 src/main.o
 *fill*         0x0040b13f        0x1 
 .rodata.calibri_36_0x26
                0x0040b140       0x10 src/main.o
 .rodata.image_data_calibri_36_0x27
                0x0040b150      0x378 src/main.o
 .rodata.calibri_36_0x27
                0x0040b4c8       0x10 src/main.o
 .rodata.image_data_calibri_36_0x28
                0x0040b4d8      0x4c5 src/main.o
 *fill*         0x0040b99d        0x3 
 .rodata.calibri_36_0x28
                0x0040b9a0       0x10 src/main.o
 .rodata.image_data_calibri_36_0x29
                0x0040b9b0      0x4c5 src/main.o
 *fill*         0x0040be75        0x3 
 .rodata.calibri_36_0x29
                0x0040be78       0x10 src/main.o
 .rodata.image_data_calibri_36_0x2a
                0x0040be88      0x7ce src/main.o
 *fill*         0x0040c656        0x2 
 .rodata.calibri_36_0x2a
                0x0040c658       0x10 src/main.o
 .rodata.image_data_calibri_36_0x2b
                0x0040c668      0x7ce src/main.o
 *fill*         0x0040ce36        0x2 
 .rodata.calibri_36_0x2b
                0x0040ce38       0x10 src/main.o
 .rodata.image_data_calibri_36_0x2c
                0x0040ce48      0x3e7 src/main.o
 *fill*         0x0040d22f        0x1 
 .rodata.calibri_36_0x2c
                0x0040d230       0x10 src/main.o
 .rodata.image_data_calibri_36_0x2d
                0x0040d240      0x4c5 src/main.o
 *fill*         0x0040d705        0x3 
 .rodata.calibri_36_0x2d
                0x0040d708       0x10 src/main.o
 .rodata.image_data_calibri_36_0x2e
                0x0040d718      0x3e7 src/main.o
 *fill*         0x0040daff        0x1 
 .rodata.calibri_36_0x2e
                0x0040db00       0x10 src/main.o
 .rodata.image_data_calibri_36_0x2f
                0x0040db10      0x612 src/main.o
 *fill*         0x0040e122        0x2 
 .rodata.calibri_36_0x2f
                0x0040e124       0x10 src/main.o
 .rodata.image_data_calibri_36_0x30
                0x0040e134      0x7ce src/main.o
 *fill*         0x0040e902        0x2 
 .rodata.calibri_36_0x30
                0x0040e904       0x10 src/main.o
 .rodata.image_data_calibri_36_0x31
                0x0040e914      0x7ce src/main.o
 *fill*         0x0040f0e2        0x2 
 .rodata.calibri_36_0x31
                0x0040f0e4       0x10 src/main.o
 .rodata.image_data_calibri_36_0x32
                0x0040f0f4      0x7ce src/main.o
 *fill*         0x0040f8c2        0x2 
 .rodata.calibri_36_0x32
                0x0040f8c4       0x10 src/main.o
 .rodata.image_data_calibri_36_0x33
                0x0040f8d4      0x7ce src/main.o
 *fill*         0x004100a2        0x2 
 .rodata.calibri_36_0x33
                0x004100a4       0x10 src/main.o
 .rodata.image_data_calibri_36_0x34
                0x004100b4      0x7ce src/main.o
 *fill*         0x00410882        0x2 
 .rodata.calibri_36_0x34
                0x00410884       0x10 src/main.o
 .rodata.image_data_calibri_36_0x35
                0x00410894      0x7ce src/main.o
 *fill*         0x00411062        0x2 
 .rodata.calibri_36_0x35
                0x00411064       0x10 src/main.o
 .rodata.image_data_calibri_36_0x36
                0x00411074      0x7ce src/main.o
 *fill*         0x00411842        0x2 
 .rodata.calibri_36_0x36
                0x00411844       0x10 src/main.o
 .rodata.image_data_calibri_36_0x37
                0x00411854      0x7ce src/main.o
 *fill*         0x00412022        0x2 
 .rodata.calibri_36_0x37
                0x00412024       0x10 src/main.o
 .rodata.image_data_calibri_36_0x38
                0x00412034      0x7ce src/main.o
 *fill*         0x00412802        0x2 
 .rodata.calibri_36_0x38
                0x00412804       0x10 src/main.o
 .rodata.image_data_calibri_36_0x39
                0x00412814      0x7ce src/main.o
 *fill*         0x00412fe2        0x2 
 .rodata.calibri_36_0x39
                0x00412fe4       0x10 src/main.o
 .rodata.image_data_calibri_36_0x3a
                0x00412ff4      0x456 src/main.o
 *fill*         0x0041344a        0x2 
 .rodata.calibri_36_0x3a
                0x0041344c       0x10 src/main.o
 .rodata.image_data_calibri_36_0x3b
                0x0041345c      0x456 src/main.o
 *fill*         0x004138b2        0x2 
 .rodata.calibri_36_0x3b
                0x004138b4       0x10 src/main.o
 .rodata.image_data_calibri_36_0x3c
                0x004138c4      0x7ce src/main.o
 *fill*         0x00414092        0x2 
 .rodata.calibri_36_0x3c
                0x00414094       0x10 src/main.o
 .rodata.image_data_calibri_36_0x3d
                0x004140a4      0x7ce src/main.o
 *fill*         0x00414872        0x2 
 .rodata.calibri_36_0x3d
                0x00414874       0x10 src/main.o
 .rodata.image_data_calibri_36_0x3e
                0x00414884      0x7ce src/main.o
 *fill*         0x00415052        0x2 
 .rodata.calibri_36_0x3e
                0x00415054       0x10 src/main.o
 .rodata.image_data_calibri_36_0x3f
                0x00415064      0x75f src/main.o
 *fill*         0x004157c3        0x1 
 .rodata.calibri_36_0x3f
                0x004157c4       0x10 src/main.o
 .rodata.image_data_calibri_36_0x40
                0x004157d4      0xde0 src/main.o
 .rodata.calibri_36_0x40
                0x004165b4       0x10 src/main.o
 .rodata.image_data_calibri_36_0x41
                0x004165c4      0x91b src/main.o
 *fill*         0x00416edf        0x1 
 .rodata.calibri_36_0x41
                0x00416ee0       0x10 src/main.o
 .rodata.image_data_calibri_36_0x42
                0x00416ef0      0x8ac src/main.o
 .rodata.calibri_36_0x42
                0x0041779c       0x10 src/main.o
 .rodata.image_data_calibri_36_0x43
                0x004177ac      0x83d src/main.o
 *fill*         0x00417fe9        0x3 
 .rodata.calibri_36_0x43
                0x00417fec       0x10 src/main.o
 .rodata.image_data_calibri_36_0x44
                0x00417ffc      0x98a src/main.o
 *fill*         0x00418986        0x2 
 .rodata.calibri_36_0x44
                0x00418988       0x10 src/main.o
 .rodata.image_data_calibri_36_0x45
                0x00418998      0x7ce src/main.o
 *fill*         0x00419166        0x2 
 .rodata.calibri_36_0x45
                0x00419168       0x10 src/main.o
 .rodata.image_data_calibri_36_0x46
                0x00419178      0x75f src/main.o
 *fill*         0x004198d7        0x1 
 .rodata.calibri_36_0x46
                0x004198d8       0x10 src/main.o
 .rodata.image_data_calibri_36_0x47
                0x004198e8      0x9f9 src/main.o
 *fill*         0x0041a2e1        0x3 
 .rodata.calibri_36_0x47
                0x0041a2e4       0x10 src/main.o
 .rodata.image_data_calibri_36_0x48
                0x0041a2f4      0x98a src/main.o
 *fill*         0x0041ac7e        0x2 
 .rodata.calibri_36_0x48
                0x0041ac80       0x10 src/main.o
 .rodata.image_data_calibri_36_0x49
                0x0041ac90      0x3e7 src/main.o
 *fill*         0x0041b077        0x1 
 .rodata.calibri_36_0x49
                0x0041b078       0x10 src/main.o
 .rodata.image_data_calibri_36_0x4a
                0x0041b088      0x4c5 src/main.o
 *fill*         0x0041b54d        0x3 
 .rodata.calibri_36_0x4a
                0x0041b550       0x10 src/main.o
 .rodata.image_data_calibri_36_0x4b
                0x0041b560      0x83d src/main.o
 *fill*         0x0041bd9d        0x3 
 .rodata.calibri_36_0x4b
                0x0041bda0       0x10 src/main.o
 .rodata.image_data_calibri_36_0x4c
                0x0041bdb0      0x681 src/main.o
 *fill*         0x0041c431        0x3 
 .rodata.calibri_36_0x4c
                0x0041c434       0x10 src/main.o
 .rodata.image_data_calibri_36_0x4d
                0x0041c444      0xd71 src/main.o
 *fill*         0x0041d1b5        0x3 
 .rodata.calibri_36_0x4d
                0x0041d1b8       0x10 src/main.o
 .rodata.image_data_calibri_36_0x4e
                0x0041d1c8      0x9f9 src/main.o
 *fill*         0x0041dbc1        0x3 
 .rodata.calibri_36_0x4e
                0x0041dbc4       0x10 src/main.o
 .rodata.image_data_calibri_36_0x4f
                0x0041dbd4      0xa68 src/main.o
 .rodata.calibri_36_0x4f
                0x0041e63c       0x10 src/main.o
 .rodata.image_data_calibri_36_0x50
                0x0041e64c      0x83d src/main.o
 *fill*         0x0041ee89        0x3 
 .rodata.calibri_36_0x50
                0x0041ee8c       0x10 src/main.o
 .rodata.image_data_calibri_36_0x51
                0x0041ee9c      0xad7 src/main.o
 *fill*         0x0041f973        0x1 
 .rodata.calibri_36_0x51
                0x0041f974       0x10 src/main.o
 .rodata.image_data_calibri_36_0x52
                0x0041f984      0x8ac src/main.o
 .rodata.calibri_36_0x52
                0x00420230       0x10 src/main.o
 .rodata.image_data_calibri_36_0x53
                0x00420240      0x75f src/main.o
 *fill*         0x0042099f        0x1 
 .rodata.calibri_36_0x53
                0x004209a0       0x10 src/main.o
 .rodata.image_data_calibri_36_0x54
                0x004209b0      0x7ce src/main.o
 *fill*         0x0042117e        0x2 
 .rodata.calibri_36_0x54
                0x00421180       0x10 src/main.o
 .rodata.image_data_calibri_36_0x55
                0x00421190      0x9f9 src/main.o
 *fill*         0x00421b89        0x3 
 .rodata.calibri_36_0x55
                0x00421b8c       0x10 src/main.o
 .rodata.image_data_calibri_36_0x56
                0x00421b9c      0x8ac src/main.o
 .rodata.calibri_36_0x56
                0x00422448       0x10 src/main.o
 .rodata.image_data_calibri_36_0x57
                0x00422458      0xde0 src/main.o
 .rodata.calibri_36_0x57
                0x00423238       0x10 src/main.o
 .rodata.image_data_calibri_36_0x58
                0x00423248      0x83d src/main.o
 *fill*         0x00423a85        0x3 
 .rodata.calibri_36_0x58
                0x00423a88       0x10 src/main.o
 .rodata.image_data_calibri_36_0x59
                0x00423a98      0x7ce src/main.o
 *fill*         0x00424266        0x2 
 .rodata.calibri_36_0x59
                0x00424268       0x10 src/main.o
 .rodata.image_data_calibri_36_0x5a
                0x00424278      0x75f src/main.o
 *fill*         0x004249d7        0x1 
 .rodata.calibri_36_0x5a
                0x004249d8       0x10 src/main.o
 .rodata.image_data_calibri_36_0x5b
                0x004249e8      0x4c5 src/main.o
 *fill*         0x00424ead        0x3 
 .rodata.calibri_36_0x5b
                0x00424eb0       0x10 src/main.o
 .rodata.image_data_calibri_36_0x5c
                0x00424ec0      0x612 src/main.o
 *fill*         0x004254d2        0x2 
 .rodata.calibri_36_0x5c
                0x004254d4       0x10 src/main.o
 .rodata.image_data_calibri_36_0x5d
                0x004254e4      0x4c5 src/main.o
 *fill*         0x004259a9        0x3 
 .rodata.calibri_36_0x5d
                0x004259ac       0x10 src/main.o
 .rodata.image_data_calibri_36_0x5e
                0x004259bc      0x7ce src/main.o
 *fill*         0x0042618a        0x2 
 .rodata.calibri_36_0x5e
                0x0042618c       0x10 src/main.o
 .rodata.image_data_calibri_36_0x5f
                0x0042619c      0x7ce src/main.o
 *fill*         0x0042696a        0x2 
 .rodata.calibri_36_0x5f
                0x0042696c       0x10 src/main.o
 .rodata.image_data_calibri_36_0x60
                0x0042697c      0x456 src/main.o
 *fill*         0x00426dd2        0x2 
 .rodata.calibri_36_0x60
                0x00426dd4       0x10 src/main.o
 .rodata.image_data_calibri_36_0x61
                0x00426de4      0x75f src/main.o
 *fill*         0x00427543        0x1 
 .rodata.calibri_36_0x61
                0x00427544       0x10 src/main.o
 .rodata.image_data_calibri_36_0x62
                0x00427554      0x83d src/main.o
 *fill*         0x00427d91        0x3 
 .rodata.calibri_36_0x62
                0x00427d94       0x10 src/main.o
 .rodata.image_data_calibri_36_0x63
                0x00427da4      0x681 src/main.o
 *fill*         0x00428425        0x3 
 .rodata.calibri_36_0x63
                0x00428428       0x10 src/main.o
 .rodata.image_data_calibri_36_0x64
                0x00428438      0x83d src/main.o
 *fill*         0x00428c75        0x3 
 .rodata.calibri_36_0x64
                0x00428c78       0x10 src/main.o
 .rodata.image_data_calibri_36_0x65
                0x00428c88      0x7ce src/main.o
 *fill*         0x00429456        0x2 
 .rodata.calibri_36_0x65
                0x00429458       0x10 src/main.o
 .rodata.image_data_calibri_36_0x66
                0x00429468      0x4c5 src/main.o
 *fill*         0x0042992d        0x3 
 .rodata.calibri_36_0x66
                0x00429930       0x10 src/main.o
 .rodata.image_data_calibri_36_0x67
                0x00429940      0x75f src/main.o
 *fill*         0x0042a09f        0x1 
 .rodata.calibri_36_0x67
                0x0042a0a0       0x10 src/main.o
 .rodata.image_data_calibri_36_0x68
                0x0042a0b0      0x83d src/main.o
 *fill*         0x0042a8ed        0x3 
 .rodata.calibri_36_0x68
                0x0042a8f0       0x10 src/main.o
 .rodata.image_data_calibri_36_0x69
                0x0042a900      0x378 src/main.o
 .rodata.calibri_36_0x69
                0x0042ac78       0x10 src/main.o
 .rodata.image_data_calibri_36_0x6a
                0x0042ac88      0x3e7 src/main.o
 *fill*         0x0042b06f        0x1 
 .rodata.calibri_36_0x6a
                0x0042b070       0x10 src/main.o
 .rodata.image_data_calibri_36_0x6b
                0x0042b080      0x6f0 src/main.o
 .rodata.calibri_36_0x6b
                0x0042b770       0x10 src/main.o
 .rodata.image_data_calibri_36_0x6c
                0x0042b780      0x378 src/main.o
 .rodata.calibri_36_0x6c
                0x0042baf8       0x10 src/main.o
 .rodata.image_data_calibri_36_0x6d
                0x0042bb08      0xc93 src/main.o
 *fill*         0x0042c79b        0x1 
 .rodata.calibri_36_0x6d
                0x0042c79c       0x10 src/main.o
 .rodata.image_data_calibri_36_0x6e
                0x0042c7ac      0x83d src/main.o
 *fill*         0x0042cfe9        0x3 
 .rodata.calibri_36_0x6e
                0x0042cfec       0x10 src/main.o
 .rodata.image_data_calibri_36_0x6f
                0x0042cffc      0x83d src/main.o
 *fill*         0x0042d839        0x3 
 .rodata.calibri_36_0x6f
                0x0042d83c       0x10 src/main.o
 .rodata.image_data_calibri_36_0x70
                0x0042d84c      0x83d src/main.o
 *fill*         0x0042e089        0x3 
 .rodata.calibri_36_0x70
                0x0042e08c       0x10 src/main.o
 .rodata.image_data_calibri_36_0x71
                0x0042e09c      0x83d src/main.o
 *fill*         0x0042e8d9        0x3 
 .rodata.calibri_36_0x71
                0x0042e8dc       0x10 src/main.o
 .rodata.image_data_calibri_36_0x72
                0x0042e8ec      0x5a3 src/main.o
 *fill*         0x0042ee8f        0x1 
 .rodata.calibri_36_0x72
                0x0042ee90       0x10 src/main.o
 .rodata.image_data_calibri_36_0x73
                0x0042eea0      0x612 src/main.o
 *fill*         0x0042f4b2        0x2 
 .rodata.calibri_36_0x73
                0x0042f4b4       0x10 src/main.o
 .rodata.image_data_calibri_36_0x74
                0x0042f4c4      0x534 src/main.o
 .rodata.calibri_36_0x74
                0x0042f9f8       0x10 src/main.o
 .rodata.image_data_calibri_36_0x75
                0x0042fa08      0x83d src/main.o
 *fill*         0x00430245        0x3 
 .rodata.calibri_36_0x75
                0x00430248       0x10 src/main.o
 .rodata.image_data_calibri_36_0x76
                0x00430258      0x6f0 src/main.o
 .rodata.calibri_36_0x76
                0x00430948       0x10 src/main.o
 .rodata.image_data_calibri_36_0x77
                0x00430958      0xb46 src/main.o
 *fill*         0x0043149e        0x2 
 .rodata.calibri_36_0x77
                0x004314a0       0x10 src/main.o
 .rodata.image_data_calibri_36_0x78
                0x004314b0      0x6f0 src/main.o
 .rodata.calibri_36_0x78
                0x00431ba0       0x10 src/main.o
 .rodata.image_data_calibri_36_0x79
                0x00431bb0      0x6f0 src/main.o
 .rodata.calibri_36_0x79
                0x004322a0       0x10 src/main.o
 .rodata.image_data_calibri_36_0x7a
                0x004322b0      0x612 src/main.o
 *fill*         0x004328c2        0x2 
 .rodata.calibri_36_0x7a
                0x004328c4       0x10 src/main.o
 .rodata.image_data_calibri_36_0x7b
                0x004328d4      0x4c5 src/main.o
 *fill*         0x00432d99        0x3 
 .rodata.calibri_36_0x7b
                0x00432d9c       0x10 src/main.o
 .rodata.image_data_calibri_36_0x7c
                0x00432dac      0x75f src/main.o
 *fill*         0x0043350b        0x1 
 .rodata.calibri_36_0x7c
                0x0043350c       0x10 src/main.o
 .rodata.image_data_calibri_36_0x7d
                0x0043351c      0x4c5 src/main.o
 *fill*         0x004339e1        0x3 
 .rodata.calibri_36_0x7d
                0x004339e4       0x10 src/main.o
 .rodata.image_data_calibri_36_0x7e
                0x004339f4      0x7ce src/main.o
 *fill*         0x004341c2        0x2 
 .rodata.calibri_36_0x7e
                0x004341c4       0x10 src/main.o
 .rodata.calibri_36_array
                0x004341d4      0x2f8 src/main.o
 .rodata.calibri_36
                0x004344cc        0xc src/main.o
                0x004344cc                calibri_36
 .rodata        0x004344d8        0xf src/main.o
 *fill*         0x004344e7        0x1 
 .rodata._global_impure_ptr
                0x004344e8        0x4 d:/arquivos de programas/atmel/studio/7.0/toolchain/arm/arm-gnu-toolchain/bin/../lib/gcc/arm-none-eabi/6.3.1/../../../../arm-none-eabi/lib/thumb/v7e-m\libc.a(lib_a-impure.o)
                0x004344e8                _global_impure_ptr
 .rodata._svfprintf_r.str1.4
                0x004344ec       0x42 d:/arquivos de programas/atmel/studio/7.0/toolchain/arm/arm-gnu-toolchain/bin/../lib/gcc/arm-none-eabi/6.3.1/../../../../arm-none-eabi/lib/thumb/v7e-m\libc.a(lib_a-svfprintf.o)
 *fill*         0x0043452e        0x2 
 .rodata.blanks.7223
                0x00434530       0x10 d:/arquivos de programas/atmel/studio/7.0/toolchain/arm/arm-gnu-toolchain/bin/../lib/gcc/arm-none-eabi/6.3.1/../../../../arm-none-eabi/lib/thumb/v7e-m\libc.a(lib_a-svfprintf.o)
 .rodata.zeroes.7224
                0x00434540       0x10 d:/arquivos de programas/atmel/studio/7.0/toolchain/arm/arm-gnu-toolchain/bin/../lib/gcc/arm-none-eabi/6.3.1/../../../../arm-none-eabi/lib/thumb/v7e-m\libc.a(lib_a-svfprintf.o)
 .rodata._dtoa_r.str1.4
                0x00434550       0x10 d:/arquivos de programas/atmel/studio/7.0/toolchain/arm/arm-gnu-toolchain/bin/../lib/gcc/arm-none-eabi/6.3.1/../../../../arm-none-eabi/lib/thumb/v7e-m\libc.a(lib_a-dtoa.o)
                                 0x12 (size before relaxing)
 .rodata.__mprec_bigtens
                0x00434560       0x28 d:/arquivos de programas/atmel/studio/7.0/toolchain/arm/arm-gnu-toolchain/bin/../lib/gcc/arm-none-eabi/6.3.1/../../../../arm-none-eabi/lib/thumb/v7e-m\libc.a(lib_a-mprec.o)
                0x00434560                __mprec_bigtens
 .rodata.__mprec_tens
                0x00434588       0xc8 d:/arquivos de programas/atmel/studio/7.0/toolchain/arm/arm-gnu-toolchain/bin/../lib/gcc/arm-none-eabi/6.3.1/../../../../arm-none-eabi/lib/thumb/v7e-m\libc.a(lib_a-mprec.o)
                0x00434588                __mprec_tens
 .rodata.p05.6055
                0x00434650        0xc d:/arquivos de programas/atmel/studio/7.0/toolchain/arm/arm-gnu-toolchain/bin/../lib/gcc/arm-none-eabi/6.3.1/../../../../arm-none-eabi/lib/thumb/v7e-m\libc.a(lib_a-mprec.o)
 .rodata._setlocale_r.str1.4
                0x0043465c        0xa d:/arquivos de programas/atmel/studio/7.0/toolchain/arm/arm-gnu-toolchain/bin/../lib/gcc/arm-none-eabi/6.3.1/../../../../arm-none-eabi/lib/thumb/v7e-m\libc.a(lib_a-locale.o)
                                  0xd (size before relaxing)
 *fill*         0x00434666        0x2 
 .rodata.str1.4
                0x00434668        0x4 d:/arquivos de programas/atmel/studio/7.0/toolchain/arm/arm-gnu-toolchain/bin/../lib/gcc/arm-none-eabi/6.3.1/../../../../arm-none-eabi/lib/thumb/v7e-m\libc.a(lib_a-locale.o)
                                  0x2 (size before relaxing)
 .rodata._ctype_
                0x0043466c      0x101 d:/arquivos de programas/atmel/studio/7.0/toolchain/arm/arm-gnu-toolchain/bin/../lib/gcc/arm-none-eabi/6.3.1/../../../../arm-none-eabi/lib/thumb/v7e-m\libc.a(lib_a-ctype_.o)
                0x0043466c                _ctype_
 *(.ARM.extab* .gnu.linkonce.armextab.*)
                0x00434770                . = ALIGN (0x4)
 *fill*         0x0043476d        0x3 
 *(.init)
 .init          0x00434770        0x4 d:/arquivos de programas/atmel/studio/7.0/toolchain/arm/arm-gnu-toolchain/bin/../lib/gcc/arm-none-eabi/6.3.1/thumb/v7e-m/crti.o
                0x00434770                _init
 .init          0x00434774        0x8 d:/arquivos de programas/atmel/studio/7.0/toolchain/arm/arm-gnu-toolchain/bin/../lib/gcc/arm-none-eabi/6.3.1/thumb/v7e-m/crtn.o
                0x0043477c                . = ALIGN (0x4)
                0x0043477c                __preinit_array_start = .
 *(.preinit_array)
                0x0043477c                __preinit_array_end = .
                0x0043477c                . = ALIGN (0x4)
                0x0043477c                __init_array_start = .
 *(SORT(.init_array.*))
 .init_array.00000
                0x0043477c        0x4 d:/arquivos de programas/atmel/studio/7.0/toolchain/arm/arm-gnu-toolchain/bin/../lib/gcc/arm-none-eabi/6.3.1/../../../../arm-none-eabi/lib/thumb/v7e-m\libc.a(lib_a-__call_atexit.o)
 *(.init_array)
 .init_array    0x00434780        0x4 d:/arquivos de programas/atmel/studio/7.0/toolchain/arm/arm-gnu-toolchain/bin/../lib/gcc/arm-none-eabi/6.3.1/thumb/v7e-m/crtbegin.o
                0x00434784                __init_array_end = .
                0x00434784                . = ALIGN (0x4)
 *crtbegin.o(.ctors)
 *(EXCLUDE_FILE(*crtend.o) .ctors)
 *(SORT(.ctors.*))
 *crtend.o(.ctors)
                0x00434784                . = ALIGN (0x4)
 *(.fini)
 .fini          0x00434784        0x4 d:/arquivos de programas/atmel/studio/7.0/toolchain/arm/arm-gnu-toolchain/bin/../lib/gcc/arm-none-eabi/6.3.1/thumb/v7e-m/crti.o
                0x00434784                _fini
 .fini          0x00434788        0x8 d:/arquivos de programas/atmel/studio/7.0/toolchain/arm/arm-gnu-toolchain/bin/../lib/gcc/arm-none-eabi/6.3.1/thumb/v7e-m/crtn.o
                0x00434790                . = ALIGN (0x4)
                0x00434790                __fini_array_start = .
 *(.fini_array)
 .fini_array    0x00434790        0x4 d:/arquivos de programas/atmel/studio/7.0/toolchain/arm/arm-gnu-toolchain/bin/../lib/gcc/arm-none-eabi/6.3.1/thumb/v7e-m/crtbegin.o
 *(SORT(.fini_array.*))
                0x00434794                __fini_array_end = .
 *crtbegin.o(.dtors)
 *(EXCLUDE_FILE(*crtend.o) .dtors)
 *(SORT(.dtors.*))
 *crtend.o(.dtors)
                0x00434794                . = ALIGN (0x4)
                0x00434794                _efixed = .
                [!provide]                PROVIDE (__exidx_start, .)

.vfp11_veneer   0x00434794        0x0
 .vfp11_veneer  0x00434794        0x0 linker stubs

.v4_bx          0x00434794        0x0
 .v4_bx         0x00434794        0x0 linker stubs

.iplt           0x00434794        0x0
 .iplt          0x00434794        0x0 d:/arquivos de programas/atmel/studio/7.0/toolchain/arm/arm-gnu-toolchain/bin/../lib/gcc/arm-none-eabi/6.3.1/thumb/v7e-m/crtbegin.o

.ARM.exidx      0x00434794        0x8
 *(.ARM.exidx* .gnu.linkonce.armexidx.*)
 .ARM.exidx     0x00434794        0x8 d:/arquivos de programas/atmel/studio/7.0/toolchain/arm/arm-gnu-toolchain/bin/../lib/gcc/arm-none-eabi/6.3.1/thumb/v7e-m\libgcc.a(_udivmoddi4.o)
                [!provide]                PROVIDE (__exidx_end, .)

.eh_frame       0x0043479c        0x0
 .eh_frame      0x0043479c        0x0 d:/arquivos de programas/atmel/studio/7.0/toolchain/arm/arm-gnu-toolchain/bin/../lib/gcc/arm-none-eabi/6.3.1/thumb/v7e-m/crtbegin.o

.rel.dyn        0x0043479c        0x0
 .rel.iplt      0x0043479c        0x0 d:/arquivos de programas/atmel/studio/7.0/toolchain/arm/arm-gnu-toolchain/bin/../lib/gcc/arm-none-eabi/6.3.1/thumb/v7e-m/crtbegin.o

.jcr            0x0043479c        0x0
 .jcr           0x0043479c        0x0 d:/arquivos de programas/atmel/studio/7.0/toolchain/arm/arm-gnu-toolchain/bin/../lib/gcc/arm-none-eabi/6.3.1/thumb/v7e-m/crtbegin.o

.igot.plt       0x0043479c        0x0
 .igot.plt      0x0043479c        0x0 d:/arquivos de programas/atmel/studio/7.0/toolchain/arm/arm-gnu-toolchain/bin/../lib/gcc/arm-none-eabi/6.3.1/thumb/v7e-m/crtbegin.o
                0x0043479c                . = ALIGN (0x4)
                0x0043479c                _etext = .

.relocate       0x20400000      0x9b8 load address 0x0043479c
                0x20400000                . = ALIGN (0x4)
                0x20400000                _srelocate = .
 *(.ramfunc .ramfunc.*)
 *(.data .data.*)
 .data.g_interrupt_enabled
                0x20400000        0x1 src/ASF/common/utils/interrupt/interrupt_sam_nvic.o
                0x20400000                g_interrupt_enabled
 *fill*         0x20400001        0x3 
 .data.SystemCoreClock
                0x20400004        0x4 src/ASF/sam/utils/cmsis/same70/source/templates/system_same70.o
                0x20400004                SystemCoreClock
 .data._impure_ptr
                0x20400008        0x4 d:/arquivos de programas/atmel/studio/7.0/toolchain/arm/arm-gnu-toolchain/bin/../lib/gcc/arm-none-eabi/6.3.1/../../../../arm-none-eabi/lib/thumb/v7e-m\libc.a(lib_a-impure.o)
                0x20400008                _impure_ptr
 *fill*         0x2040000c        0x4 
 .data.impure_data
                0x20400010      0x428 d:/arquivos de programas/atmel/studio/7.0/toolchain/arm/arm-gnu-toolchain/bin/../lib/gcc/arm-none-eabi/6.3.1/../../../../arm-none-eabi/lib/thumb/v7e-m\libc.a(lib_a-impure.o)
 .data.__atexit_recursive_mutex
                0x20400438        0x4 d:/arquivos de programas/atmel/studio/7.0/toolchain/arm/arm-gnu-toolchain/bin/../lib/gcc/arm-none-eabi/6.3.1/../../../../arm-none-eabi/lib/thumb/v7e-m\libc.a(lib_a-__call_atexit.o)
                0x20400438                __atexit_recursive_mutex
 .data.__malloc_av_
                0x2040043c      0x408 d:/arquivos de programas/atmel/studio/7.0/toolchain/arm/arm-gnu-toolchain/bin/../lib/gcc/arm-none-eabi/6.3.1/../../../../arm-none-eabi/lib/thumb/v7e-m\libc.a(lib_a-mallocr.o)
                0x2040043c                __malloc_av_
 .data.__malloc_sbrk_base
                0x20400844        0x4 d:/arquivos de programas/atmel/studio/7.0/toolchain/arm/arm-gnu-toolchain/bin/../lib/gcc/arm-none-eabi/6.3.1/../../../../arm-none-eabi/lib/thumb/v7e-m\libc.a(lib_a-mallocr.o)
                0x20400844                __malloc_sbrk_base
 .data.__malloc_trim_threshold
                0x20400848        0x4 d:/arquivos de programas/atmel/studio/7.0/toolchain/arm/arm-gnu-toolchain/bin/../lib/gcc/arm-none-eabi/6.3.1/../../../../arm-none-eabi/lib/thumb/v7e-m\libc.a(lib_a-mallocr.o)
                0x20400848                __malloc_trim_threshold
 .data.__global_locale
                0x2040084c      0x16c d:/arquivos de programas/atmel/studio/7.0/toolchain/arm/arm-gnu-toolchain/bin/../lib/gcc/arm-none-eabi/6.3.1/../../../../arm-none-eabi/lib/thumb/v7e-m\libc.a(lib_a-locale.o)
                0x2040084c                __global_locale
                0x204009b8                . = ALIGN (0x4)
                0x204009b8                _erelocate = .

.bss            0x204009b8      0x4c4 load address 0x00435154
                0x204009b8                . = ALIGN (0x4)
                0x204009b8                _sbss = .
                0x204009b8                _szero = .
 *(.bss .bss.*)
 .bss           0x204009b8       0x1c d:/arquivos de programas/atmel/studio/7.0/toolchain/arm/arm-gnu-toolchain/bin/../lib/gcc/arm-none-eabi/6.3.1/thumb/v7e-m/crtbegin.o
 .bss.g_wobits_in_rtt_mr
                0x204009d4        0x4 src/ASF/sam/drivers/rtt/rtt.o
 .bss.f_rtt_alarme
                0x204009d8        0x1 src/main.o
                0x204009d8                f_rtt_alarme
 *fill*         0x204009d9        0x3 
 .bss.g_ul_pixel_cache
                0x204009dc      0x3c0 src/ASF/sam/components/display/ili9488/ili9488.o
 .bss.gs_interrupt_sources
                0x20400d9c       0x70 src/ASF/sam/drivers/pio/pio_handler.o
 .bss.heap.6420
                0x20400e0c        0x4 src/ASF/sam/utils/syscalls/gcc/syscalls.o
 .bss.__malloc_current_mallinfo
                0x20400e10       0x28 d:/arquivos de programas/atmel/studio/7.0/toolchain/arm/arm-gnu-toolchain/bin/../lib/gcc/arm-none-eabi/6.3.1/../../../../arm-none-eabi/lib/thumb/v7e-m\libc.a(lib_a-mallocr.o)
                0x20400e10                __malloc_current_mallinfo
 .bss.__malloc_max_sbrked_mem
                0x20400e38        0x4 d:/arquivos de programas/atmel/studio/7.0/toolchain/arm/arm-gnu-toolchain/bin/../lib/gcc/arm-none-eabi/6.3.1/../../../../arm-none-eabi/lib/thumb/v7e-m\libc.a(lib_a-mallocr.o)
                0x20400e38                __malloc_max_sbrked_mem
 .bss.__malloc_max_total_mem
                0x20400e3c        0x4 d:/arquivos de programas/atmel/studio/7.0/toolchain/arm/arm-gnu-toolchain/bin/../lib/gcc/arm-none-eabi/6.3.1/../../../../arm-none-eabi/lib/thumb/v7e-m\libc.a(lib_a-mallocr.o)
                0x20400e3c                __malloc_max_total_mem
 .bss.__malloc_top_pad
                0x20400e40        0x4 d:/arquivos de programas/atmel/studio/7.0/toolchain/arm/arm-gnu-toolchain/bin/../lib/gcc/arm-none-eabi/6.3.1/../../../../arm-none-eabi/lib/thumb/v7e-m\libc.a(lib_a-mallocr.o)
                0x20400e40                __malloc_top_pad
 *(COMMON)
 COMMON         0x20400e44       0x10 src/main.o
                0x20400e44                g_ili9488_display_opt
 COMMON         0x20400e54       0x21 d:/arquivos de programas/atmel/studio/7.0/toolchain/arm/arm-gnu-toolchain/bin/../lib/gcc/arm-none-eabi/6.3.1/../../../../arm-none-eabi/lib/thumb/v7e-m\libc.a(lib_a-lock.o)
                0x20400e54                __lock___atexit_recursive_mutex
                0x20400e58                __lock___arc4random_mutex
                0x20400e5c                __lock___env_recursive_mutex
                0x20400e60                __lock___sinit_recursive_mutex
                0x20400e64                __lock___malloc_recursive_mutex
                0x20400e68                __lock___at_quick_exit_mutex
                0x20400e6c                __lock___dd_hash_mutex
                0x20400e70                __lock___tz_mutex
                0x20400e74                __lock___sfp_recursive_mutex
 *fill*         0x20400e75        0x3 
 COMMON         0x20400e78        0x4 d:/arquivos de programas/atmel/studio/7.0/toolchain/arm/arm-gnu-toolchain/bin/../lib/gcc/arm-none-eabi/6.3.1/../../../../arm-none-eabi/lib/thumb/v7e-m\libc.a(lib_a-reent.o)
                0x20400e78                errno
                0x20400e7c                . = ALIGN (0x4)
                0x20400e7c                _ebss = .
                0x20400e7c                _ezero = .

.stack          0x20400e7c     0x2004 load address 0x00435618
                0x20400e80                . = ALIGN (0x8)
 *fill*         0x20400e7c        0x4 
                0x20400e80                _sstack = .
                0x20402e80                . = (. + STACK_SIZE)
 *fill*         0x20400e80     0x2000 
                0x20402e80                . = ALIGN (0x8)
                0x20402e80                _estack = .

.heap           0x20402e80      0x200 load address 0x0043761c
                0x20402e80                . = ALIGN (0x8)
                0x20402e80                _sheap = .
                0x20403080                . = (. + HEAP_SIZE)
 *fill*         0x20402e80      0x200 
                0x20403080                . = ALIGN (0x8)
                0x20403080                _eheap = .
                0x20403080                . = ALIGN (0x4)
                0x20403080                _end = .
                0x2045ffff                _ram_end_ = ((ORIGIN (ram) + LENGTH (ram)) - 0x1)
OUTPUT(SAME70_FONTS.elf elf32-littlearm)

.ARM.attributes
                0x00000000       0x2e
 .ARM.attributes
                0x00000000       0x1e d:/arquivos de programas/atmel/studio/7.0/toolchain/arm/arm-gnu-toolchain/bin/../lib/gcc/arm-none-eabi/6.3.1/thumb/v7e-m/crti.o
 .ARM.attributes
                0x0000001e       0x2e d:/arquivos de programas/atmel/studio/7.0/toolchain/arm/arm-gnu-toolchain/bin/../lib/gcc/arm-none-eabi/6.3.1/thumb/v7e-m/crtbegin.o
 .ARM.attributes
                0x0000004c       0x37 src/ASF/sam/drivers/rtt/rtt.o
 .ARM.attributes
                0x00000083       0x37 src/main.o
 .ARM.attributes
                0x000000ba       0x37 src/ASF/common/services/spi/sam_spi/spi_master.o
 .ARM.attributes
                0x000000f1       0x37 src/ASF/sam/components/display/ili9488/ili9488.o
 .ARM.attributes
                0x00000128       0x37 src/ASF/sam/drivers/spi/spi.o
 .ARM.attributes
                0x0000015f       0x37 src/ASF/common/services/clock/same70/sysclk.o
 .ARM.attributes
                0x00000196       0x37 src/ASF/common/utils/interrupt/interrupt_sam_nvic.o
 .ARM.attributes
                0x000001cd       0x37 src/ASF/sam/boards/same70_xplained/init.o
 .ARM.attributes
                0x00000204       0x37 src/ASF/sam/drivers/pio/pio.o
 .ARM.attributes
                0x0000023b       0x37 src/ASF/sam/drivers/pio/pio_handler.o
 .ARM.attributes
                0x00000272       0x37 src/ASF/sam/drivers/pmc/pmc.o
 .ARM.attributes
                0x000002a9       0x37 src/ASF/sam/utils/cmsis/same70/source/templates/gcc/startup_same70.o
 .ARM.attributes
                0x000002e0       0x37 src/ASF/sam/utils/cmsis/same70/source/templates/system_same70.o
 .ARM.attributes
                0x00000317       0x37 src/ASF/sam/utils/syscalls/gcc/syscalls.o
 .ARM.attributes
                0x0000034e       0x1e d:/arquivos de programas/atmel/studio/7.0/toolchain/arm/arm-gnu-toolchain/bin/../lib/gcc/arm-none-eabi/6.3.1/thumb/v7e-m\libgcc.a(_arm_addsubdf3.o)
 .ARM.attributes
                0x0000036c       0x1e d:/arquivos de programas/atmel/studio/7.0/toolchain/arm/arm-gnu-toolchain/bin/../lib/gcc/arm-none-eabi/6.3.1/thumb/v7e-m\libgcc.a(_arm_muldivdf3.o)
 .ARM.attributes
                0x0000038a       0x1e d:/arquivos de programas/atmel/studio/7.0/toolchain/arm/arm-gnu-toolchain/bin/../lib/gcc/arm-none-eabi/6.3.1/thumb/v7e-m\libgcc.a(_arm_truncdfsf2.o)
 .ARM.attributes
                0x000003a8       0x2e d:/arquivos de programas/atmel/studio/7.0/toolchain/arm/arm-gnu-toolchain/bin/../lib/gcc/arm-none-eabi/6.3.1/../../../../arm-none-eabi/lib/thumb/v7e-m\libc.a(lib_a-impure.o)
 .ARM.attributes
                0x000003d6       0x2e d:/arquivos de programas/atmel/studio/7.0/toolchain/arm/arm-gnu-toolchain/bin/../lib/gcc/arm-none-eabi/6.3.1/../../../../arm-none-eabi/lib/thumb/v7e-m\libc.a(lib_a-init.o)
 .ARM.attributes
                0x00000404       0x2e d:/arquivos de programas/atmel/studio/7.0/toolchain/arm/arm-gnu-toolchain/bin/../lib/gcc/arm-none-eabi/6.3.1/../../../../arm-none-eabi/lib/thumb/v7e-m\libc.a(lib_a-memset.o)
 .ARM.attributes
                0x00000432       0x2e d:/arquivos de programas/atmel/studio/7.0/toolchain/arm/arm-gnu-toolchain/bin/../lib/gcc/arm-none-eabi/6.3.1/../../../../arm-none-eabi/lib/thumb/v7e-m\libc.a(lib_a-sprintf.o)
 .ARM.attributes
                0x00000460       0x2e d:/arquivos de programas/atmel/studio/7.0/toolchain/arm/arm-gnu-toolchain/bin/../lib/gcc/arm-none-eabi/6.3.1/../../../../arm-none-eabi/lib/thumb/v7e-m\libc.a(lib_a-svfprintf.o)
 .ARM.attributes
                0x0000048e       0x2e d:/arquivos de programas/atmel/studio/7.0/toolchain/arm/arm-gnu-toolchain/bin/../lib/gcc/arm-none-eabi/6.3.1/../../../../arm-none-eabi/lib/thumb/v7e-m\libc.a(lib_a-__call_atexit.o)
 .ARM.attributes
                0x000004bc       0x2e d:/arquivos de programas/atmel/studio/7.0/toolchain/arm/arm-gnu-toolchain/bin/../lib/gcc/arm-none-eabi/6.3.1/../../../../arm-none-eabi/lib/thumb/v7e-m\libc.a(lib_a-atexit.o)
 .ARM.attributes
                0x000004ea       0x2e d:/arquivos de programas/atmel/studio/7.0/toolchain/arm/arm-gnu-toolchain/bin/../lib/gcc/arm-none-eabi/6.3.1/../../../../arm-none-eabi/lib/thumb/v7e-m\libc.a(lib_a-dtoa.o)
 .ARM.attributes
                0x00000518       0x2e d:/arquivos de programas/atmel/studio/7.0/toolchain/arm/arm-gnu-toolchain/bin/../lib/gcc/arm-none-eabi/6.3.1/../../../../arm-none-eabi/lib/thumb/v7e-m\libc.a(lib_a-fini.o)
 .ARM.attributes
                0x00000546       0x2e d:/arquivos de programas/atmel/studio/7.0/toolchain/arm/arm-gnu-toolchain/bin/../lib/gcc/arm-none-eabi/6.3.1/../../../../arm-none-eabi/lib/thumb/v7e-m\libc.a(lib_a-localeconv.o)
 .ARM.attributes
                0x00000574       0x2e d:/arquivos de programas/atmel/studio/7.0/toolchain/arm/arm-gnu-toolchain/bin/../lib/gcc/arm-none-eabi/6.3.1/../../../../arm-none-eabi/lib/thumb/v7e-m\libc.a(lib_a-lock.o)
 .ARM.attributes
                0x000005a2       0x2e d:/arquivos de programas/atmel/studio/7.0/toolchain/arm/arm-gnu-toolchain/bin/../lib/gcc/arm-none-eabi/6.3.1/../../../../arm-none-eabi/lib/thumb/v7e-m\libc.a(lib_a-mallocr.o)
 .ARM.attributes
                0x000005d0       0x1c d:/arquivos de programas/atmel/studio/7.0/toolchain/arm/arm-gnu-toolchain/bin/../lib/gcc/arm-none-eabi/6.3.1/../../../../arm-none-eabi/lib/thumb/v7e-m\libc.a(lib_a-memchr.o)
 .ARM.attributes
                0x000005ec       0x1c d:/arquivos de programas/atmel/studio/7.0/toolchain/arm/arm-gnu-toolchain/bin/../lib/gcc/arm-none-eabi/6.3.1/../../../../arm-none-eabi/lib/thumb/v7e-m\libc.a(lib_a-memcpy.o)
 .ARM.attributes
                0x00000608       0x2e d:/arquivos de programas/atmel/studio/7.0/toolchain/arm/arm-gnu-toolchain/bin/../lib/gcc/arm-none-eabi/6.3.1/../../../../arm-none-eabi/lib/thumb/v7e-m\libc.a(lib_a-mlock.o)
 .ARM.attributes
                0x00000636       0x2e d:/arquivos de programas/atmel/studio/7.0/toolchain/arm/arm-gnu-toolchain/bin/../lib/gcc/arm-none-eabi/6.3.1/../../../../arm-none-eabi/lib/thumb/v7e-m\libc.a(lib_a-mprec.o)
 .ARM.attributes
                0x00000664       0x2e d:/arquivos de programas/atmel/studio/7.0/toolchain/arm/arm-gnu-toolchain/bin/../lib/gcc/arm-none-eabi/6.3.1/../../../../arm-none-eabi/lib/thumb/v7e-m\libc.a(lib_a-sbrkr.o)
 .ARM.attributes
                0x00000692       0x1c d:/arquivos de programas/atmel/studio/7.0/toolchain/arm/arm-gnu-toolchain/bin/../lib/gcc/arm-none-eabi/6.3.1/../../../../arm-none-eabi/lib/thumb/v7e-m\libc.a(lib_a-strlen.o)
 .ARM.attributes
                0x000006ae       0x2e d:/arquivos de programas/atmel/studio/7.0/toolchain/arm/arm-gnu-toolchain/bin/../lib/gcc/arm-none-eabi/6.3.1/../../../../arm-none-eabi/lib/thumb/v7e-m\libc.a(lib_a-svfiprintf.o)
 .ARM.attributes
                0x000006dc       0x2e d:/arquivos de programas/atmel/studio/7.0/toolchain/arm/arm-gnu-toolchain/bin/../lib/gcc/arm-none-eabi/6.3.1/../../../../arm-none-eabi/lib/thumb/v7e-m\libc.a(lib_a-__atexit.o)
 .ARM.attributes
                0x0000070a       0x2e d:/arquivos de programas/atmel/studio/7.0/toolchain/arm/arm-gnu-toolchain/bin/../lib/gcc/arm-none-eabi/6.3.1/../../../../arm-none-eabi/lib/thumb/v7e-m\libc.a(lib_a-callocr.o)
 .ARM.attributes
                0x00000738       0x2e d:/arquivos de programas/atmel/studio/7.0/toolchain/arm/arm-gnu-toolchain/bin/../lib/gcc/arm-none-eabi/6.3.1/../../../../arm-none-eabi/lib/thumb/v7e-m\libc.a(lib_a-freer.o)
 .ARM.attributes
                0x00000766       0x2e d:/arquivos de programas/atmel/studio/7.0/toolchain/arm/arm-gnu-toolchain/bin/../lib/gcc/arm-none-eabi/6.3.1/../../../../arm-none-eabi/lib/thumb/v7e-m\libc.a(lib_a-locale.o)
 .ARM.attributes
                0x00000794       0x2e d:/arquivos de programas/atmel/studio/7.0/toolchain/arm/arm-gnu-toolchain/bin/../lib/gcc/arm-none-eabi/6.3.1/../../../../arm-none-eabi/lib/thumb/v7e-m\libc.a(lib_a-mbtowc_r.o)
 .ARM.attributes
                0x000007c2       0x2e d:/arquivos de programas/atmel/studio/7.0/toolchain/arm/arm-gnu-toolchain/bin/../lib/gcc/arm-none-eabi/6.3.1/../../../../arm-none-eabi/lib/thumb/v7e-m\libc.a(lib_a-memmove.o)
 .ARM.attributes
                0x000007f0       0x2e d:/arquivos de programas/atmel/studio/7.0/toolchain/arm/arm-gnu-toolchain/bin/../lib/gcc/arm-none-eabi/6.3.1/../../../../arm-none-eabi/lib/thumb/v7e-m\libc.a(lib_a-reallocr.o)
 .ARM.attributes
                0x0000081e       0x2e d:/arquivos de programas/atmel/studio/7.0/toolchain/arm/arm-gnu-toolchain/bin/../lib/gcc/arm-none-eabi/6.3.1/../../../../arm-none-eabi/lib/thumb/v7e-m\libc.a(lib_a-reent.o)
 .ARM.attributes
                0x0000084c       0x2e d:/arquivos de programas/atmel/studio/7.0/toolchain/arm/arm-gnu-toolchain/bin/../lib/gcc/arm-none-eabi/6.3.1/../../../../arm-none-eabi/lib/thumb/v7e-m\libc.a(lib_a-wctomb_r.o)
 .ARM.attributes
                0x0000087a       0x2e d:/arquivos de programas/atmel/studio/7.0/toolchain/arm/arm-gnu-toolchain/bin/../lib/gcc/arm-none-eabi/6.3.1/../../../../arm-none-eabi/lib/thumb/v7e-m\libc.a(lib_a-ctype_.o)
 .ARM.attributes
                0x000008a8       0x1e d:/arquivos de programas/atmel/studio/7.0/toolchain/arm/arm-gnu-toolchain/bin/../lib/gcc/arm-none-eabi/6.3.1/thumb/v7e-m\libgcc.a(_arm_cmpdf2.o)
 .ARM.attributes
                0x000008c6       0x1e d:/arquivos de programas/atmel/studio/7.0/toolchain/arm/arm-gnu-toolchain/bin/../lib/gcc/arm-none-eabi/6.3.1/thumb/v7e-m\libgcc.a(_arm_unorddf2.o)
 .ARM.attributes
                0x000008e4       0x1e d:/arquivos de programas/atmel/studio/7.0/toolchain/arm/arm-gnu-toolchain/bin/../lib/gcc/arm-none-eabi/6.3.1/thumb/v7e-m\libgcc.a(_arm_fixdfsi.o)
 .ARM.attributes
                0x00000902       0x1e d:/arquivos de programas/atmel/studio/7.0/toolchain/arm/arm-gnu-toolchain/bin/../lib/gcc/arm-none-eabi/6.3.1/thumb/v7e-m\libgcc.a(_aeabi_uldivmod.o)
 .ARM.attributes
                0x00000920       0x2e d:/arquivos de programas/atmel/studio/7.0/toolchain/arm/arm-gnu-toolchain/bin/../lib/gcc/arm-none-eabi/6.3.1/thumb/v7e-m\libgcc.a(_udivmoddi4.o)
 .ARM.attributes
                0x0000094e       0x1e d:/arquivos de programas/atmel/studio/7.0/toolchain/arm/arm-gnu-toolchain/bin/../lib/gcc/arm-none-eabi/6.3.1/thumb/v7e-m\libgcc.a(_dvmd_tls.o)
 .ARM.attributes
                0x0000096c       0x1e d:/arquivos de programas/atmel/studio/7.0/toolchain/arm/arm-gnu-toolchain/bin/../lib/gcc/arm-none-eabi/6.3.1/thumb/v7e-m/crtn.o

.comment        0x00000000       0x59
 .comment       0x00000000       0x59 src/ASF/sam/drivers/rtt/rtt.o
                                 0x5a (size before relaxing)
 .comment       0x00000059       0x5a src/main.o
 .comment       0x00000059       0x5a src/ASF/common/services/spi/sam_spi/spi_master.o
 .comment       0x00000059       0x5a src/ASF/sam/components/display/ili9488/ili9488.o
 .comment       0x00000059       0x5a src/ASF/sam/drivers/spi/spi.o
 .comment       0x00000059       0x5a src/ASF/common/services/clock/same70/sysclk.o
 .comment       0x00000059       0x5a src/ASF/common/utils/interrupt/interrupt_sam_nvic.o
 .comment       0x00000059       0x5a src/ASF/sam/boards/same70_xplained/init.o
 .comment       0x00000059       0x5a src/ASF/sam/drivers/pio/pio.o
 .comment       0x00000059       0x5a src/ASF/sam/drivers/pio/pio_handler.o
 .comment       0x00000059       0x5a src/ASF/sam/drivers/pmc/pmc.o
 .comment       0x00000059       0x5a src/ASF/sam/utils/cmsis/same70/source/templates/gcc/startup_same70.o
 .comment       0x00000059       0x5a src/ASF/sam/utils/cmsis/same70/source/templates/system_same70.o
 .comment       0x00000059       0x5a src/ASF/sam/utils/syscalls/gcc/syscalls.o

.debug_info     0x00000000    0x146e2
 .debug_info    0x00000000      0xcaf src/ASF/sam/drivers/rtt/rtt.o
 .debug_info    0x00000caf     0x337c src/main.o
 .debug_info    0x0000402b     0x143e src/ASF/common/services/spi/sam_spi/spi_master.o
 .debug_info    0x00005469     0x208c src/ASF/sam/components/display/ili9488/ili9488.o
 .debug_info    0x000074f5     0x1123 src/ASF/sam/drivers/spi/spi.o
 .debug_info    0x00008618     0x1311 src/ASF/common/services/clock/same70/sysclk.o
 .debug_info    0x00009929      0xb06 src/ASF/common/utils/interrupt/interrupt_sam_nvic.o
 .debug_info    0x0000a42f     0x22cd src/ASF/sam/boards/same70_xplained/init.o
 .debug_info    0x0000c6fc     0x1ce3 src/ASF/sam/drivers/pio/pio.o
 .debug_info    0x0000e3df     0x1a74 src/ASF/sam/drivers/pio/pio_handler.o
 .debug_info    0x0000fe53     0x1eed src/ASF/sam/drivers/pmc/pmc.o
 .debug_info    0x00011d40     0x1612 src/ASF/sam/utils/cmsis/same70/source/templates/gcc/startup_same70.o
 .debug_info    0x00013352      0x5d4 src/ASF/sam/utils/cmsis/same70/source/templates/system_same70.o
 .debug_info    0x00013926      0xdbc src/ASF/sam/utils/syscalls/gcc/syscalls.o

.debug_abbrev   0x00000000     0x24e4
 .debug_abbrev  0x00000000      0x203 src/ASF/sam/drivers/rtt/rtt.o
 .debug_abbrev  0x00000203      0x33a src/main.o
 .debug_abbrev  0x0000053d      0x305 src/ASF/common/services/spi/sam_spi/spi_master.o
 .debug_abbrev  0x00000842      0x2f4 src/ASF/sam/components/display/ili9488/ili9488.o
 .debug_abbrev  0x00000b36      0x2cf src/ASF/sam/drivers/spi/spi.o
 .debug_abbrev  0x00000e05      0x296 src/ASF/common/services/clock/same70/sysclk.o
 .debug_abbrev  0x0000109b      0x214 src/ASF/common/utils/interrupt/interrupt_sam_nvic.o
 .debug_abbrev  0x000012af      0x3f4 src/ASF/sam/boards/same70_xplained/init.o
 .debug_abbrev  0x000016a3      0x296 src/ASF/sam/drivers/pio/pio.o
 .debug_abbrev  0x00001939      0x2c9 src/ASF/sam/drivers/pio/pio_handler.o
 .debug_abbrev  0x00001c02      0x2ce src/ASF/sam/drivers/pmc/pmc.o
 .debug_abbrev  0x00001ed0      0x2e8 src/ASF/sam/utils/cmsis/same70/source/templates/gcc/startup_same70.o
 .debug_abbrev  0x000021b8      0x102 src/ASF/sam/utils/cmsis/same70/source/templates/system_same70.o
 .debug_abbrev  0x000022ba      0x22a src/ASF/sam/utils/syscalls/gcc/syscalls.o

.debug_loc      0x00000000     0x5c6e
 .debug_loc     0x00000000      0x330 src/ASF/sam/drivers/rtt/rtt.o
 .debug_loc     0x00000330      0x392 src/main.o
 .debug_loc     0x000006c2      0x830 src/ASF/common/services/spi/sam_spi/spi_master.o
 .debug_loc     0x00000ef2      0xd20 src/ASF/sam/components/display/ili9488/ili9488.o
 .debug_loc     0x00001c12      0x630 src/ASF/sam/drivers/spi/spi.o
 .debug_loc     0x00002242      0x4a0 src/ASF/common/services/clock/same70/sysclk.o
 .debug_loc     0x000026e2       0xa0 src/ASF/common/utils/interrupt/interrupt_sam_nvic.o
 .debug_loc     0x00002782      0x358 src/ASF/sam/boards/same70_xplained/init.o
 .debug_loc     0x00002ada     0x1174 src/ASF/sam/drivers/pio/pio.o
 .debug_loc     0x00003c4e      0x38c src/ASF/sam/drivers/pio/pio_handler.o
 .debug_loc     0x00003fda     0x1744 src/ASF/sam/drivers/pmc/pmc.o
 .debug_loc     0x0000571e      0x16c src/ASF/sam/utils/cmsis/same70/source/templates/gcc/startup_same70.o
 .debug_loc     0x0000588a       0xe4 src/ASF/sam/utils/cmsis/same70/source/templates/system_same70.o
 .debug_loc     0x0000596e      0x300 src/ASF/sam/utils/syscalls/gcc/syscalls.o

.debug_aranges  0x00000000      0xa40
 .debug_aranges
                0x00000000       0x60 src/ASF/sam/drivers/rtt/rtt.o
 .debug_aranges
                0x00000060       0x78 src/main.o
 .debug_aranges
                0x000000d8       0xe0 src/ASF/common/services/spi/sam_spi/spi_master.o
 .debug_aranges
                0x000001b8      0x168 src/ASF/sam/components/display/ili9488/ili9488.o
 .debug_aranges
                0x00000320       0xa8 src/ASF/sam/drivers/spi/spi.o
 .debug_aranges
                0x000003c8       0x98 src/ASF/common/services/clock/same70/sysclk.o
 .debug_aranges
                0x00000460       0x28 src/ASF/common/utils/interrupt/interrupt_sam_nvic.o
 .debug_aranges
                0x00000488       0x70 src/ASF/sam/boards/same70_xplained/init.o
 .debug_aranges
                0x000004f8      0x1a8 src/ASF/sam/drivers/pio/pio.o
 .debug_aranges
                0x000006a0       0x80 src/ASF/sam/drivers/pio/pio_handler.o
 .debug_aranges
                0x00000720      0x250 src/ASF/sam/drivers/pmc/pmc.o
 .debug_aranges
                0x00000970       0x40 src/ASF/sam/utils/cmsis/same70/source/templates/gcc/startup_same70.o
 .debug_aranges
                0x000009b0       0x30 src/ASF/sam/utils/cmsis/same70/source/templates/system_same70.o
 .debug_aranges
                0x000009e0       0x60 src/ASF/sam/utils/syscalls/gcc/syscalls.o

.debug_ranges   0x00000000      0x9d8
 .debug_ranges  0x00000000       0x50 src/ASF/sam/drivers/rtt/rtt.o
 .debug_ranges  0x00000050       0x68 src/main.o
 .debug_ranges  0x000000b8       0xd0 src/ASF/common/services/spi/sam_spi/spi_master.o
 .debug_ranges  0x00000188      0x158 src/ASF/sam/components/display/ili9488/ili9488.o
 .debug_ranges  0x000002e0       0x98 src/ASF/sam/drivers/spi/spi.o
 .debug_ranges  0x00000378       0x88 src/ASF/common/services/clock/same70/sysclk.o
 .debug_ranges  0x00000400       0x18 src/ASF/common/utils/interrupt/interrupt_sam_nvic.o
 .debug_ranges  0x00000418       0xd8 src/ASF/sam/boards/same70_xplained/init.o
 .debug_ranges  0x000004f0      0x198 src/ASF/sam/drivers/pio/pio.o
 .debug_ranges  0x00000688       0x70 src/ASF/sam/drivers/pio/pio_handler.o
 .debug_ranges  0x000006f8      0x240 src/ASF/sam/drivers/pmc/pmc.o
 .debug_ranges  0x00000938       0x30 src/ASF/sam/utils/cmsis/same70/source/templates/gcc/startup_same70.o
 .debug_ranges  0x00000968       0x20 src/ASF/sam/utils/cmsis/same70/source/templates/system_same70.o
 .debug_ranges  0x00000988       0x50 src/ASF/sam/utils/syscalls/gcc/syscalls.o

.debug_macro    0x00000000    0x1fe28
 .debug_macro   0x00000000      0x681 src/ASF/sam/drivers/rtt/rtt.o
 .debug_macro   0x00000681      0x8d4 src/ASF/sam/drivers/rtt/rtt.o
 .debug_macro   0x00000f55      0x16d src/ASF/sam/drivers/rtt/rtt.o
 .debug_macro   0x000010c2      0x6d7 src/ASF/sam/drivers/rtt/rtt.o
 .debug_macro   0x00001799       0x76 src/ASF/sam/drivers/rtt/rtt.o
 .debug_macro   0x0000180f       0x16 src/ASF/sam/drivers/rtt/rtt.o
 .debug_macro   0x00001825      0x6da src/ASF/sam/drivers/rtt/rtt.o
 .debug_macro   0x00001eff       0x22 src/ASF/sam/drivers/rtt/rtt.o
 .debug_macro   0x00001f21       0x87 src/ASF/sam/drivers/rtt/rtt.o
 .debug_macro   0x00001fa8       0x51 src/ASF/sam/drivers/rtt/rtt.o
 .debug_macro   0x00001ff9       0xef src/ASF/sam/drivers/rtt/rtt.o
 .debug_macro   0x000020e8       0x6a src/ASF/sam/drivers/rtt/rtt.o
 .debug_macro   0x00002152      0x1df src/ASF/sam/drivers/rtt/rtt.o
 .debug_macro   0x00002331       0x51 src/ASF/sam/drivers/rtt/rtt.o
 .debug_macro   0x00002382       0x3b src/ASF/sam/drivers/rtt/rtt.o
 .debug_macro   0x000023bd       0x2d src/ASF/sam/drivers/rtt/rtt.o
 .debug_macro   0x000023ea       0x26 src/ASF/sam/drivers/rtt/rtt.o
 .debug_macro   0x00002410      0xf9a src/ASF/sam/drivers/rtt/rtt.o
 .debug_macro   0x000033aa      0x191 src/ASF/sam/drivers/rtt/rtt.o
 .debug_macro   0x0000353b      0x2ee src/ASF/sam/drivers/rtt/rtt.o
 .debug_macro   0x00003829      0xa23 src/ASF/sam/drivers/rtt/rtt.o
 .debug_macro   0x0000424c      0x1b4 src/ASF/sam/drivers/rtt/rtt.o
 .debug_macro   0x00004400      0x35f src/ASF/sam/drivers/rtt/rtt.o
 .debug_macro   0x0000475f      0x15a src/ASF/sam/drivers/rtt/rtt.o
 .debug_macro   0x000048b9     0x18b3 src/ASF/sam/drivers/rtt/rtt.o
 .debug_macro   0x0000616c       0x1c src/ASF/sam/drivers/rtt/rtt.o
 .debug_macro   0x00006188      0x6a2 src/ASF/sam/drivers/rtt/rtt.o
 .debug_macro   0x0000682a      0x27f src/ASF/sam/drivers/rtt/rtt.o
 .debug_macro   0x00006aa9      0x3ba src/ASF/sam/drivers/rtt/rtt.o
 .debug_macro   0x00006e63      0x4f0 src/ASF/sam/drivers/rtt/rtt.o
 .debug_macro   0x00007353      0x5cb src/ASF/sam/drivers/rtt/rtt.o
 .debug_macro   0x0000791e     0x1527 src/ASF/sam/drivers/rtt/rtt.o
 .debug_macro   0x00008e45     0x2a40 src/ASF/sam/drivers/rtt/rtt.o
 .debug_macro   0x0000b885     0x113e src/ASF/sam/drivers/rtt/rtt.o
 .debug_macro   0x0000c9c3      0xcdb src/ASF/sam/drivers/rtt/rtt.o
 .debug_macro   0x0000d69e      0x3c6 src/ASF/sam/drivers/rtt/rtt.o
 .debug_macro   0x0000da64       0xa0 src/ASF/sam/drivers/rtt/rtt.o
 .debug_macro   0x0000db04       0x76 src/ASF/sam/drivers/rtt/rtt.o
 .debug_macro   0x0000db7a      0x442 src/ASF/sam/drivers/rtt/rtt.o
 .debug_macro   0x0000dfbc       0x64 src/ASF/sam/drivers/rtt/rtt.o
 .debug_macro   0x0000e020      0x299 src/ASF/sam/drivers/rtt/rtt.o
 .debug_macro   0x0000e2b9      0x201 src/ASF/sam/drivers/rtt/rtt.o